Archive member included because of file (symbol)

D:\soft\CMSISv2p00_LPC17xx\Debug\libCMSISv2p00_LPC17xx.a(system_LPC17xx.o)
                              ./src/adc_driver.o (SystemCoreClock)
c:/nxp/lpcxpresso_4.2.0_264/lpcxpresso/tools/bin/../lib/gcc/arm-none-eabi/4.5.1/thumb2\libgcc.a(_arm_addsubsf3.o)
                              ./src/main.o (__aeabi_fsub)
c:/nxp/lpcxpresso_4.2.0_264/lpcxpresso/tools/bin/../lib/gcc/arm-none-eabi/4.5.1/thumb2\libgcc.a(_arm_muldivsf3.o)
                              ./src/log.o (__aeabi_fmul)
c:/nxp/lpcxpresso_4.2.0_264/lpcxpresso/tools/bin/../lib/gcc/arm-none-eabi/4.5.1/thumb2\libgcc.a(_arm_cmpsf2.o)
                              ./src/log.o (__aeabi_fcmpge)
c:/nxp/lpcxpresso_4.2.0_264/lpcxpresso/tools/bin/../lib/gcc/arm-none-eabi/4.5.1/thumb2\libgcc.a(_aeabi_uldivmod.o)
                              D:\soft\CMSISv2p00_LPC17xx\Debug\libCMSISv2p00_LPC17xx.a(system_LPC17xx.o) (__aeabi_uldivmod)
c:/nxp/lpcxpresso_4.2.0_264/lpcxpresso/tools/bin/../lib/gcc/arm-none-eabi/4.5.1/thumb2\libgcc.a(bpabi.o)
                              c:/nxp/lpcxpresso_4.2.0_264/lpcxpresso/tools/bin/../lib/gcc/arm-none-eabi/4.5.1/thumb2\libgcc.a(_aeabi_uldivmod.o) (__gnu_uldivmod_helper)
c:/nxp/lpcxpresso_4.2.0_264/lpcxpresso/tools/bin/../lib/gcc/arm-none-eabi/4.5.1/thumb2\libgcc.a(_dvmd_tls.o)
                              c:/nxp/lpcxpresso_4.2.0_264/lpcxpresso/tools/bin/../lib/gcc/arm-none-eabi/4.5.1/thumb2\libgcc.a(_aeabi_uldivmod.o) (__aeabi_ldiv0)
c:/nxp/lpcxpresso_4.2.0_264/lpcxpresso/tools/bin/../lib/gcc/arm-none-eabi/4.5.1/thumb2\libgcc.a(_divdi3.o)
                              c:/nxp/lpcxpresso_4.2.0_264/lpcxpresso/tools/bin/../lib/gcc/arm-none-eabi/4.5.1/thumb2\libgcc.a(bpabi.o) (__divdi3)
c:/nxp/lpcxpresso_4.2.0_264/lpcxpresso/tools/bin/../lib/gcc/arm-none-eabi/4.5.1/thumb2\libgcc.a(_udivdi3.o)
                              c:/nxp/lpcxpresso_4.2.0_264/lpcxpresso/tools/bin/../lib/gcc/arm-none-eabi/4.5.1/thumb2\libgcc.a(bpabi.o) (__udivdi3)
c:/nxp/lpcxpresso_4.2.0_264/lpcxpresso/tools/bin/../lib/gcc/arm-none-eabi/4.5.1/thumb2\libgcc.a(_udivsi3.o)
                              c:/nxp/lpcxpresso_4.2.0_264/lpcxpresso/tools/bin/../lib/gcc/arm-none-eabi/4.5.1/thumb2\libgcc.a(_divdi3.o) (__aeabi_uidiv)
c:/nxp/lpcxpresso_4.2.0_264/lpcxpresso/tools/bin/../lib/gcc/arm-none-eabi/4.5.1/../../../../arm-none-eabi/lib/thumb2\libc.a(lib_a-memcpy.o)
                              ./FreeRTOS_src/queue.o (memcpy)
c:/nxp/lpcxpresso_4.2.0_264/lpcxpresso/tools/bin/../lib/gcc/arm-none-eabi/4.5.1/../../../../arm-none-eabi/lib/thumb2\libc.a(lib_a-memset.o)
                              ./FreeRTOS_src/tasks.o (memset)
c:/nxp/lpcxpresso_4.2.0_264/lpcxpresso/tools/bin/../lib/gcc/arm-none-eabi/4.5.1/../../../../arm-none-eabi/lib/thumb2\libc.a(lib_a-sprintf.o)
                              ./FreeRTOS_src/tasks.o (sprintf)
c:/nxp/lpcxpresso_4.2.0_264/lpcxpresso/tools/bin/../lib/gcc/arm-none-eabi/4.5.1/../../../../arm-none-eabi/lib/thumb2\libc.a(lib_a-strcat.o)
                              ./FreeRTOS_src/tasks.o (strcat)
c:/nxp/lpcxpresso_4.2.0_264/lpcxpresso/tools/bin/../lib/gcc/arm-none-eabi/4.5.1/../../../../arm-none-eabi/lib/thumb2\libc.a(lib_a-strcpy.o)
                              c:/nxp/lpcxpresso_4.2.0_264/lpcxpresso/tools/bin/../lib/gcc/arm-none-eabi/4.5.1/../../../../arm-none-eabi/lib/thumb2\libc.a(lib_a-strcat.o) (strcpy)
c:/nxp/lpcxpresso_4.2.0_264/lpcxpresso/tools/bin/../lib/gcc/arm-none-eabi/4.5.1/../../../../arm-none-eabi/lib/thumb2\libc.a(lib_a-strncpy.o)
                              ./FreeRTOS_src/tasks.o (strncpy)
c:/nxp/lpcxpresso_4.2.0_264/lpcxpresso/tools/bin/../lib/gcc/arm-none-eabi/4.5.1/../../../../arm-none-eabi/lib/thumb2\libc.a(lib_a-svfprintf.o)
                              c:/nxp/lpcxpresso_4.2.0_264/lpcxpresso/tools/bin/../lib/gcc/arm-none-eabi/4.5.1/../../../../arm-none-eabi/lib/thumb2\libc.a(lib_a-sprintf.o) (_svfprintf_r)
c:/nxp/lpcxpresso_4.2.0_264/lpcxpresso/tools/bin/../lib/gcc/arm-none-eabi/4.5.1/../../../../arm-none-eabi/lib/thumb2\libc.a(lib_a-dtoa.o)
                              c:/nxp/lpcxpresso_4.2.0_264/lpcxpresso/tools/bin/../lib/gcc/arm-none-eabi/4.5.1/../../../../arm-none-eabi/lib/thumb2\libc.a(lib_a-svfprintf.o) (_dtoa_r)
c:/nxp/lpcxpresso_4.2.0_264/lpcxpresso/tools/bin/../lib/gcc/arm-none-eabi/4.5.1/../../../../arm-none-eabi/lib/thumb2\libc.a(lib_a-impure.o)
                              c:/nxp/lpcxpresso_4.2.0_264/lpcxpresso/tools/bin/../lib/gcc/arm-none-eabi/4.5.1/../../../../arm-none-eabi/lib/thumb2\libc.a(lib_a-sprintf.o) (_impure_ptr)
c:/nxp/lpcxpresso_4.2.0_264/lpcxpresso/tools/bin/../lib/gcc/arm-none-eabi/4.5.1/../../../../arm-none-eabi/lib/thumb2\libc.a(lib_a-locale.o)
                              c:/nxp/lpcxpresso_4.2.0_264/lpcxpresso/tools/bin/../lib/gcc/arm-none-eabi/4.5.1/../../../../arm-none-eabi/lib/thumb2\libc.a(lib_a-svfprintf.o) (_localeconv_r)
c:/nxp/lpcxpresso_4.2.0_264/lpcxpresso/tools/bin/../lib/gcc/arm-none-eabi/4.5.1/../../../../arm-none-eabi/lib/thumb2\libc.a(lib_a-malloc.o)
                              c:/nxp/lpcxpresso_4.2.0_264/lpcxpresso/tools/bin/../lib/gcc/arm-none-eabi/4.5.1/../../../../arm-none-eabi/lib/thumb2\libc.a(lib_a-dtoa.o) (malloc)
c:/nxp/lpcxpresso_4.2.0_264/lpcxpresso/tools/bin/../lib/gcc/arm-none-eabi/4.5.1/../../../../arm-none-eabi/lib/thumb2\libc.a(lib_a-mallocr.o)
                              c:/nxp/lpcxpresso_4.2.0_264/lpcxpresso/tools/bin/../lib/gcc/arm-none-eabi/4.5.1/../../../../arm-none-eabi/lib/thumb2\libc.a(lib_a-svfprintf.o) (_malloc_r)
c:/nxp/lpcxpresso_4.2.0_264/lpcxpresso/tools/bin/../lib/gcc/arm-none-eabi/4.5.1/../../../../arm-none-eabi/lib/thumb2\libc.a(lib_a-memchr.o)
                              c:/nxp/lpcxpresso_4.2.0_264/lpcxpresso/tools/bin/../lib/gcc/arm-none-eabi/4.5.1/../../../../arm-none-eabi/lib/thumb2\libc.a(lib_a-svfprintf.o) (memchr)
c:/nxp/lpcxpresso_4.2.0_264/lpcxpresso/tools/bin/../lib/gcc/arm-none-eabi/4.5.1/../../../../arm-none-eabi/lib/thumb2\libc.a(lib_a-mlock.o)
                              c:/nxp/lpcxpresso_4.2.0_264/lpcxpresso/tools/bin/../lib/gcc/arm-none-eabi/4.5.1/../../../../arm-none-eabi/lib/thumb2\libc.a(lib_a-mallocr.o) (__malloc_lock)
c:/nxp/lpcxpresso_4.2.0_264/lpcxpresso/tools/bin/../lib/gcc/arm-none-eabi/4.5.1/../../../../arm-none-eabi/lib/thumb2\libc.a(lib_a-mprec.o)
                              c:/nxp/lpcxpresso_4.2.0_264/lpcxpresso/tools/bin/../lib/gcc/arm-none-eabi/4.5.1/../../../../arm-none-eabi/lib/thumb2\libc.a(lib_a-dtoa.o) (_Balloc)
c:/nxp/lpcxpresso_4.2.0_264/lpcxpresso/tools/bin/../lib/gcc/arm-none-eabi/4.5.1/../../../../arm-none-eabi/lib/thumb2\libc.a(lib_a-s_fpclassify.o)
                              c:/nxp/lpcxpresso_4.2.0_264/lpcxpresso/tools/bin/../lib/gcc/arm-none-eabi/4.5.1/../../../../arm-none-eabi/lib/thumb2\libc.a(lib_a-svfprintf.o) (__fpclassifyd)
c:/nxp/lpcxpresso_4.2.0_264/lpcxpresso/tools/bin/../lib/gcc/arm-none-eabi/4.5.1/../../../../arm-none-eabi/lib/thumb2\libc.a(lib_a-sbrkr.o)
                              c:/nxp/lpcxpresso_4.2.0_264/lpcxpresso/tools/bin/../lib/gcc/arm-none-eabi/4.5.1/../../../../arm-none-eabi/lib/thumb2\libc.a(lib_a-mallocr.o) (_sbrk_r)
c:/nxp/lpcxpresso_4.2.0_264/lpcxpresso/tools/bin/../lib/gcc/arm-none-eabi/4.5.1/../../../../arm-none-eabi/lib/thumb2\libc.a(lib_a-strcmp.o)
                              c:/nxp/lpcxpresso_4.2.0_264/lpcxpresso/tools/bin/../lib/gcc/arm-none-eabi/4.5.1/../../../../arm-none-eabi/lib/thumb2\libc.a(lib_a-locale.o) (strcmp)
c:/nxp/lpcxpresso_4.2.0_264/lpcxpresso/tools/bin/../lib/gcc/arm-none-eabi/4.5.1/../../../../arm-none-eabi/lib/thumb2\libc.a(lib_a-strlen.o)
                              c:/nxp/lpcxpresso_4.2.0_264/lpcxpresso/tools/bin/../lib/gcc/arm-none-eabi/4.5.1/../../../../arm-none-eabi/lib/thumb2\libc.a(lib_a-svfprintf.o) (strlen)
c:/nxp/lpcxpresso_4.2.0_264/lpcxpresso/tools/bin/../lib/gcc/arm-none-eabi/4.5.1/../../../../arm-none-eabi/lib/thumb2\libc.a(lib_a-svfiprintf.o)
                              c:/nxp/lpcxpresso_4.2.0_264/lpcxpresso/tools/bin/../lib/gcc/arm-none-eabi/4.5.1/../../../../arm-none-eabi/lib/thumb2\libc.a(lib_a-svfprintf.o) (__ssprint_r)
c:/nxp/lpcxpresso_4.2.0_264/lpcxpresso/tools/bin/../lib/gcc/arm-none-eabi/4.5.1/../../../../arm-none-eabi/lib/thumb2\libc.a(lib_a-callocr.o)
                              c:/nxp/lpcxpresso_4.2.0_264/lpcxpresso/tools/bin/../lib/gcc/arm-none-eabi/4.5.1/../../../../arm-none-eabi/lib/thumb2\libc.a(lib_a-mprec.o) (_calloc_r)
c:/nxp/lpcxpresso_4.2.0_264/lpcxpresso/tools/bin/../lib/gcc/arm-none-eabi/4.5.1/../../../../arm-none-eabi/lib/thumb2\libc.a(lib_a-freer.o)
                              c:/nxp/lpcxpresso_4.2.0_264/lpcxpresso/tools/bin/../lib/gcc/arm-none-eabi/4.5.1/../../../../arm-none-eabi/lib/thumb2\libc.a(lib_a-malloc.o) (_free_r)
c:/nxp/lpcxpresso_4.2.0_264/lpcxpresso/tools/bin/../lib/gcc/arm-none-eabi/4.5.1/../../../../arm-none-eabi/lib/thumb2\libc.a(lib_a-memmove.o)
                              c:/nxp/lpcxpresso_4.2.0_264/lpcxpresso/tools/bin/../lib/gcc/arm-none-eabi/4.5.1/../../../../arm-none-eabi/lib/thumb2\libc.a(lib_a-svfiprintf.o) (memmove)
c:/nxp/lpcxpresso_4.2.0_264/lpcxpresso/tools/bin/../lib/gcc/arm-none-eabi/4.5.1/../../../../arm-none-eabi/lib/thumb2\libc.a(lib_a-reallocr.o)
                              c:/nxp/lpcxpresso_4.2.0_264/lpcxpresso/tools/bin/../lib/gcc/arm-none-eabi/4.5.1/../../../../arm-none-eabi/lib/thumb2\libc.a(lib_a-svfiprintf.o) (_realloc_r)
c:/nxp/lpcxpresso_4.2.0_264/lpcxpresso/tools/bin/../lib/gcc/arm-none-eabi/4.5.1/../../../../arm-none-eabi/lib/thumb2\libc.a(lib_a-reent.o)
                              c:/nxp/lpcxpresso_4.2.0_264/lpcxpresso/tools/bin/../lib/gcc/arm-none-eabi/4.5.1/../../../../arm-none-eabi/lib/thumb2\libc.a(lib_a-sbrkr.o) (errno)
c:/nxp/lpcxpresso_4.2.0_264/lpcxpresso/tools/bin/../lib/gcc/arm-none-eabi/4.5.1/thumb2\libgcc.a(_arm_addsubdf3.o)
                              c:/nxp/lpcxpresso_4.2.0_264/lpcxpresso/tools/bin/../lib/gcc/arm-none-eabi/4.5.1/../../../../arm-none-eabi/lib/thumb2\libc.a(lib_a-dtoa.o) (__aeabi_dsub)
c:/nxp/lpcxpresso_4.2.0_264/lpcxpresso/tools/bin/../lib/gcc/arm-none-eabi/4.5.1/thumb2\libgcc.a(_arm_muldivdf3.o)
                              c:/nxp/lpcxpresso_4.2.0_264/lpcxpresso/tools/bin/../lib/gcc/arm-none-eabi/4.5.1/../../../../arm-none-eabi/lib/thumb2\libc.a(lib_a-dtoa.o) (__aeabi_dmul)
c:/nxp/lpcxpresso_4.2.0_264/lpcxpresso/tools/bin/../lib/gcc/arm-none-eabi/4.5.1/thumb2\libgcc.a(_arm_cmpdf2.o)
                              c:/nxp/lpcxpresso_4.2.0_264/lpcxpresso/tools/bin/../lib/gcc/arm-none-eabi/4.5.1/../../../../arm-none-eabi/lib/thumb2\libc.a(lib_a-svfprintf.o) (__aeabi_dcmpeq)
c:/nxp/lpcxpresso_4.2.0_264/lpcxpresso/tools/bin/../lib/gcc/arm-none-eabi/4.5.1/thumb2\libgcc.a(_arm_fixdfsi.o)
                              c:/nxp/lpcxpresso_4.2.0_264/lpcxpresso/tools/bin/../lib/gcc/arm-none-eabi/4.5.1/../../../../arm-none-eabi/lib/thumb2\libc.a(lib_a-dtoa.o) (__aeabi_d2iz)

Allocating common symbols
Common symbol       size              file

qNRE                0x4               ./src/main.o
datos               0x20              ./src/adc_driver.o
errno               0x4               c:/nxp/lpcxpresso_4.2.0_264/lpcxpresso/tools/bin/../lib/gcc/arm-none-eabi/4.5.1/../../../../arm-none-eabi/lib/thumb2\libc.a(lib_a-reent.o)
xQueueRegistry      0x50              ./FreeRTOS_src/queue.o
qLecturaADC         0x4               ./src/adc_driver.o
conversiones_totales
                    0x4               ./src/adc_driver.o

Discarded input sections

 .text          0x00000000        0x0 ./src/adc_driver.o
 .data          0x00000000        0x0 ./src/adc_driver.o
 .bss           0x00000000        0x0 ./src/adc_driver.o
 .text.ADC_IniciaRafaga
                0x00000000       0x24 ./src/adc_driver.o
 .text.ADC_DetieneRafaga
                0x00000000       0x24 ./src/adc_driver.o
 .text.ADC_SetCanal
                0x00000000       0x78 ./src/adc_driver.o
 .text          0x00000000        0x0 ./src/cr_startup_lpc17.o
 .data          0x00000000        0x0 ./src/cr_startup_lpc17.o
 .bss           0x00000000        0x0 ./src/cr_startup_lpc17.o
 .text          0x00000000        0x0 ./src/log.o
 .data          0x00000000        0x0 ./src/log.o
 .bss           0x00000000        0x0 ./src/log.o
 .text          0x00000000        0x0 ./src/main.o
 .data          0x00000000        0x0 ./src/main.o
 .bss           0x00000000        0x0 ./src/main.o
 .text.__error__
                0x00000000       0x14 ./src/main.o
 .text          0x00000000        0x0 ./FreeRTOS_src/croutine.o
 .data          0x00000000        0x0 ./FreeRTOS_src/croutine.o
 .bss           0x00000000        0x0 ./FreeRTOS_src/croutine.o
 .bss.pxReadyCoRoutineLists
                0x00000000       0x28 ./FreeRTOS_src/croutine.o
 .bss.xDelayedCoRoutineList1
                0x00000000       0x14 ./FreeRTOS_src/croutine.o
 .bss.xDelayedCoRoutineList2
                0x00000000       0x14 ./FreeRTOS_src/croutine.o
 .bss.pxDelayedCoRoutineList
                0x00000000        0x4 ./FreeRTOS_src/croutine.o
 .bss.pxOverflowDelayedCoRoutineList
                0x00000000        0x4 ./FreeRTOS_src/croutine.o
 .bss.xPendingReadyCoRoutineList
                0x00000000       0x14 ./FreeRTOS_src/croutine.o
 .bss.pxCurrentCoRoutine
                0x00000000        0x4 ./FreeRTOS_src/croutine.o
 .bss.uxTopCoRoutineReadyPriority
                0x00000000        0x4 ./FreeRTOS_src/croutine.o
 .bss.xCoRoutineTickCount
                0x00000000        0x4 ./FreeRTOS_src/croutine.o
 .bss.xLastTickCount
                0x00000000        0x4 ./FreeRTOS_src/croutine.o
 .bss.xPassedTicks
                0x00000000        0x4 ./FreeRTOS_src/croutine.o
 .text.xCoRoutineCreate
                0x00000000       0xf4 ./FreeRTOS_src/croutine.o
 .text.vCoRoutineAddToDelayedList
                0x00000000       0xb4 ./FreeRTOS_src/croutine.o
 .text.prvCheckPendingReadyList
                0x00000000       0xa0 ./FreeRTOS_src/croutine.o
 .text.prvCheckDelayedList
                0x00000000      0x170 ./FreeRTOS_src/croutine.o
 .text.vCoRoutineSchedule
                0x00000000       0xf0 ./FreeRTOS_src/croutine.o
 .text.prvInitialiseCoRoutineLists
                0x00000000       0x8c ./FreeRTOS_src/croutine.o
 .text.xCoRoutineRemoveFromEventList
                0x00000000       0x60 ./FreeRTOS_src/croutine.o
 .text          0x00000000        0x0 ./FreeRTOS_src/list.o
 .data          0x00000000        0x0 ./FreeRTOS_src/list.o
 .bss           0x00000000        0x0 ./FreeRTOS_src/list.o
 .text          0x00000000        0x0 ./FreeRTOS_src/queue.o
 .data          0x00000000        0x0 ./FreeRTOS_src/queue.o
 .bss           0x00000000        0x0 ./FreeRTOS_src/queue.o
 .text.xQueueCreateMutex
                0x00000000       0x98 ./FreeRTOS_src/queue.o
 .text.xQueueGiveMutexRecursive
                0x00000000       0x58 ./FreeRTOS_src/queue.o
 .text.xQueueTakeMutexRecursive
                0x00000000       0x5c ./FreeRTOS_src/queue.o
 .text.xQueueReceiveFromISR
                0x00000000       0x94 ./FreeRTOS_src/queue.o
 .text.uxQueueMessagesWaiting
                0x00000000       0x24 ./FreeRTOS_src/queue.o
 .text.uxQueueMessagesWaitingFromISR
                0x00000000       0x1c ./FreeRTOS_src/queue.o
 .text.vQueueDelete
                0x00000000       0x28 ./FreeRTOS_src/queue.o
 .text.xQueueIsQueueEmptyFromISR
                0x00000000       0x24 ./FreeRTOS_src/queue.o
 .text.xQueueIsQueueFullFromISR
                0x00000000       0x2c ./FreeRTOS_src/queue.o
 .text.vQueueAddToRegistry
                0x00000000       0x64 ./FreeRTOS_src/queue.o
 .text.vQueueUnregisterQueue
                0x00000000       0x54 ./FreeRTOS_src/queue.o
 COMMON         0x00000000       0x50 ./FreeRTOS_src/queue.o
 .text          0x00000000        0x0 ./FreeRTOS_src/tasks.o
 .data          0x00000000        0x0 ./FreeRTOS_src/tasks.o
 .bss           0x00000000        0x0 ./FreeRTOS_src/tasks.o
 .bss.pcTraceBufferStart
                0x00000000        0x4 ./FreeRTOS_src/tasks.o
 .bss.pcStatusString
                0x00000000       0x34 ./FreeRTOS_src/tasks.o
 .text.vTaskDelete
                0x00000000       0xc0 ./FreeRTOS_src/tasks.o
 .text.vTaskDelayUntil
                0x00000000       0xb0 ./FreeRTOS_src/tasks.o
 .text.vTaskDelay
                0x00000000       0x5c ./FreeRTOS_src/tasks.o
 .text.uxTaskPriorityGet
                0x00000000       0x38 ./FreeRTOS_src/tasks.o
 .text.vTaskPrioritySet
                0x00000000      0x12c ./FreeRTOS_src/tasks.o
 .text.vTaskSuspend
                0x00000000       0xc0 ./FreeRTOS_src/tasks.o
 .text.xTaskIsTaskSuspended
                0x00000000       0x50 ./FreeRTOS_src/tasks.o
 .text.vTaskResume
                0x00000000       0xac ./FreeRTOS_src/tasks.o
 .text.xTaskResumeFromISR
                0x00000000       0xc0 ./FreeRTOS_src/tasks.o
 .text.vTaskEndScheduler
                0x00000000       0x20 ./FreeRTOS_src/tasks.o
 .text.xTaskGetTickCount
                0x00000000       0x28 ./FreeRTOS_src/tasks.o
 .text.xTaskGetTickCountFromISR
                0x00000000       0x38 ./FreeRTOS_src/tasks.o
 .text.uxTaskGetNumberOfTasks
                0x00000000       0x18 ./FreeRTOS_src/tasks.o
 .text.vTaskList
                0x00000000      0x120 ./FreeRTOS_src/tasks.o
 .text.vTaskStartTrace
                0x00000000       0x54 ./FreeRTOS_src/tasks.o
 .text.ulTaskEndTrace
                0x00000000       0x44 ./FreeRTOS_src/tasks.o
 .text.prvListTaskWithinSingleList
                0x00000000       0xd0 ./FreeRTOS_src/tasks.o
 .text.usTaskCheckFreeStackSpace
                0x00000000       0x38 ./FreeRTOS_src/tasks.o
 .text.uxTaskGetStackHighWaterMark
                0x00000000       0x3c ./FreeRTOS_src/tasks.o
 .text          0x00000000        0x0 ./FreeRTOS_src/timers.o
 .data          0x00000000        0x0 ./FreeRTOS_src/timers.o
 .bss           0x00000000        0x0 ./FreeRTOS_src/timers.o
 .text          0x00000000        0x0 ./FreeRTOS_portable/port.o
 .data          0x00000000        0x0 ./FreeRTOS_portable/port.o
 .bss           0x00000000        0x0 ./FreeRTOS_portable/port.o
 .rodata.ulKernelPriority
                0x00000000        0x4 ./FreeRTOS_portable/port.o
 .text.vPortEndScheduler
                0x00000000        0xc ./FreeRTOS_portable/port.o
 .text          0x00000000        0x0 ./FreeRTOS_portable/MemMang/heap_2.o
 .data          0x00000000        0x0 ./FreeRTOS_portable/MemMang/heap_2.o
 .bss           0x00000000        0x0 ./FreeRTOS_portable/MemMang/heap_2.o
 .text.xPortGetFreeHeapSize
                0x00000000       0x18 ./FreeRTOS_portable/MemMang/heap_2.o
 .text.vPortInitialiseBlocks
                0x00000000        0xc ./FreeRTOS_portable/MemMang/heap_2.o
 .text          0x00000000        0x0 D:\soft\CMSISv2p00_LPC17xx\Debug\libCMSISv2p00_LPC17xx.a(system_LPC17xx.o)
 .data          0x00000000        0x0 D:\soft\CMSISv2p00_LPC17xx\Debug\libCMSISv2p00_LPC17xx.a(system_LPC17xx.o)
 .bss           0x00000000        0x0 D:\soft\CMSISv2p00_LPC17xx\Debug\libCMSISv2p00_LPC17xx.a(system_LPC17xx.o)
 .text.SystemCoreClockUpdate
                0x00000000       0xf0 D:\soft\CMSISv2p00_LPC17xx\Debug\libCMSISv2p00_LPC17xx.a(system_LPC17xx.o)
 .text.SystemInit
                0x00000000       0xe4 D:\soft\CMSISv2p00_LPC17xx\Debug\libCMSISv2p00_LPC17xx.a(system_LPC17xx.o)
 .data          0x00000000        0x0 c:/nxp/lpcxpresso_4.2.0_264/lpcxpresso/tools/bin/../lib/gcc/arm-none-eabi/4.5.1/thumb2\libgcc.a(_arm_addsubsf3.o)
 .bss           0x00000000        0x0 c:/nxp/lpcxpresso_4.2.0_264/lpcxpresso/tools/bin/../lib/gcc/arm-none-eabi/4.5.1/thumb2\libgcc.a(_arm_addsubsf3.o)
 .data          0x00000000        0x0 c:/nxp/lpcxpresso_4.2.0_264/lpcxpresso/tools/bin/../lib/gcc/arm-none-eabi/4.5.1/thumb2\libgcc.a(_arm_muldivsf3.o)
 .bss           0x00000000        0x0 c:/nxp/lpcxpresso_4.2.0_264/lpcxpresso/tools/bin/../lib/gcc/arm-none-eabi/4.5.1/thumb2\libgcc.a(_arm_muldivsf3.o)
 .data          0x00000000        0x0 c:/nxp/lpcxpresso_4.2.0_264/lpcxpresso/tools/bin/../lib/gcc/arm-none-eabi/4.5.1/thumb2\libgcc.a(_arm_cmpsf2.o)
 .bss           0x00000000        0x0 c:/nxp/lpcxpresso_4.2.0_264/lpcxpresso/tools/bin/../lib/gcc/arm-none-eabi/4.5.1/thumb2\libgcc.a(_arm_cmpsf2.o)
 .text          0x00000000       0x2c c:/nxp/lpcxpresso_4.2.0_264/lpcxpresso/tools/bin/../lib/gcc/arm-none-eabi/4.5.1/thumb2\libgcc.a(_aeabi_uldivmod.o)
 .data          0x00000000        0x0 c:/nxp/lpcxpresso_4.2.0_264/lpcxpresso/tools/bin/../lib/gcc/arm-none-eabi/4.5.1/thumb2\libgcc.a(_aeabi_uldivmod.o)
 .bss           0x00000000        0x0 c:/nxp/lpcxpresso_4.2.0_264/lpcxpresso/tools/bin/../lib/gcc/arm-none-eabi/4.5.1/thumb2\libgcc.a(_aeabi_uldivmod.o)
 .text          0x00000000       0x60 c:/nxp/lpcxpresso_4.2.0_264/lpcxpresso/tools/bin/../lib/gcc/arm-none-eabi/4.5.1/thumb2\libgcc.a(bpabi.o)
 .data          0x00000000        0x0 c:/nxp/lpcxpresso_4.2.0_264/lpcxpresso/tools/bin/../lib/gcc/arm-none-eabi/4.5.1/thumb2\libgcc.a(bpabi.o)
 .bss           0x00000000        0x0 c:/nxp/lpcxpresso_4.2.0_264/lpcxpresso/tools/bin/../lib/gcc/arm-none-eabi/4.5.1/thumb2\libgcc.a(bpabi.o)
 .text          0x00000000        0x4 c:/nxp/lpcxpresso_4.2.0_264/lpcxpresso/tools/bin/../lib/gcc/arm-none-eabi/4.5.1/thumb2\libgcc.a(_dvmd_tls.o)
 .data          0x00000000        0x0 c:/nxp/lpcxpresso_4.2.0_264/lpcxpresso/tools/bin/../lib/gcc/arm-none-eabi/4.5.1/thumb2\libgcc.a(_dvmd_tls.o)
 .bss           0x00000000        0x0 c:/nxp/lpcxpresso_4.2.0_264/lpcxpresso/tools/bin/../lib/gcc/arm-none-eabi/4.5.1/thumb2\libgcc.a(_dvmd_tls.o)
 .text          0x00000000      0x364 c:/nxp/lpcxpresso_4.2.0_264/lpcxpresso/tools/bin/../lib/gcc/arm-none-eabi/4.5.1/thumb2\libgcc.a(_divdi3.o)
 .data          0x00000000        0x0 c:/nxp/lpcxpresso_4.2.0_264/lpcxpresso/tools/bin/../lib/gcc/arm-none-eabi/4.5.1/thumb2\libgcc.a(_divdi3.o)
 .bss           0x00000000        0x0 c:/nxp/lpcxpresso_4.2.0_264/lpcxpresso/tools/bin/../lib/gcc/arm-none-eabi/4.5.1/thumb2\libgcc.a(_divdi3.o)
 .ARM.extab     0x00000000        0x0 c:/nxp/lpcxpresso_4.2.0_264/lpcxpresso/tools/bin/../lib/gcc/arm-none-eabi/4.5.1/thumb2\libgcc.a(_divdi3.o)
 .ARM.exidx     0x00000000        0x8 c:/nxp/lpcxpresso_4.2.0_264/lpcxpresso/tools/bin/../lib/gcc/arm-none-eabi/4.5.1/thumb2\libgcc.a(_divdi3.o)
 .text          0x00000000      0x314 c:/nxp/lpcxpresso_4.2.0_264/lpcxpresso/tools/bin/../lib/gcc/arm-none-eabi/4.5.1/thumb2\libgcc.a(_udivdi3.o)
 .data          0x00000000        0x0 c:/nxp/lpcxpresso_4.2.0_264/lpcxpresso/tools/bin/../lib/gcc/arm-none-eabi/4.5.1/thumb2\libgcc.a(_udivdi3.o)
 .bss           0x00000000        0x0 c:/nxp/lpcxpresso_4.2.0_264/lpcxpresso/tools/bin/../lib/gcc/arm-none-eabi/4.5.1/thumb2\libgcc.a(_udivdi3.o)
 .ARM.extab     0x00000000        0x0 c:/nxp/lpcxpresso_4.2.0_264/lpcxpresso/tools/bin/../lib/gcc/arm-none-eabi/4.5.1/thumb2\libgcc.a(_udivdi3.o)
 .ARM.exidx     0x00000000        0x8 c:/nxp/lpcxpresso_4.2.0_264/lpcxpresso/tools/bin/../lib/gcc/arm-none-eabi/4.5.1/thumb2\libgcc.a(_udivdi3.o)
 .text          0x00000000      0x278 c:/nxp/lpcxpresso_4.2.0_264/lpcxpresso/tools/bin/../lib/gcc/arm-none-eabi/4.5.1/thumb2\libgcc.a(_udivsi3.o)
 .data          0x00000000        0x0 c:/nxp/lpcxpresso_4.2.0_264/lpcxpresso/tools/bin/../lib/gcc/arm-none-eabi/4.5.1/thumb2\libgcc.a(_udivsi3.o)
 .bss           0x00000000        0x0 c:/nxp/lpcxpresso_4.2.0_264/lpcxpresso/tools/bin/../lib/gcc/arm-none-eabi/4.5.1/thumb2\libgcc.a(_udivsi3.o)
 .data          0x00000000        0x0 c:/nxp/lpcxpresso_4.2.0_264/lpcxpresso/tools/bin/../lib/gcc/arm-none-eabi/4.5.1/../../../../arm-none-eabi/lib/thumb2\libc.a(lib_a-memcpy.o)
 .bss           0x00000000        0x0 c:/nxp/lpcxpresso_4.2.0_264/lpcxpresso/tools/bin/../lib/gcc/arm-none-eabi/4.5.1/../../../../arm-none-eabi/lib/thumb2\libc.a(lib_a-memcpy.o)
 .data          0x00000000        0x0 c:/nxp/lpcxpresso_4.2.0_264/lpcxpresso/tools/bin/../lib/gcc/arm-none-eabi/4.5.1/../../../../arm-none-eabi/lib/thumb2\libc.a(lib_a-memset.o)
 .bss           0x00000000        0x0 c:/nxp/lpcxpresso_4.2.0_264/lpcxpresso/tools/bin/../lib/gcc/arm-none-eabi/4.5.1/../../../../arm-none-eabi/lib/thumb2\libc.a(lib_a-memset.o)
 .text          0x00000000       0x94 c:/nxp/lpcxpresso_4.2.0_264/lpcxpresso/tools/bin/../lib/gcc/arm-none-eabi/4.5.1/../../../../arm-none-eabi/lib/thumb2\libc.a(lib_a-sprintf.o)
 .data          0x00000000        0x0 c:/nxp/lpcxpresso_4.2.0_264/lpcxpresso/tools/bin/../lib/gcc/arm-none-eabi/4.5.1/../../../../arm-none-eabi/lib/thumb2\libc.a(lib_a-sprintf.o)
 .bss           0x00000000        0x0 c:/nxp/lpcxpresso_4.2.0_264/lpcxpresso/tools/bin/../lib/gcc/arm-none-eabi/4.5.1/../../../../arm-none-eabi/lib/thumb2\libc.a(lib_a-sprintf.o)
 .text          0x00000000       0x50 c:/nxp/lpcxpresso_4.2.0_264/lpcxpresso/tools/bin/../lib/gcc/arm-none-eabi/4.5.1/../../../../arm-none-eabi/lib/thumb2\libc.a(lib_a-strcat.o)
 .data          0x00000000        0x0 c:/nxp/lpcxpresso_4.2.0_264/lpcxpresso/tools/bin/../lib/gcc/arm-none-eabi/4.5.1/../../../../arm-none-eabi/lib/thumb2\libc.a(lib_a-strcat.o)
 .bss           0x00000000        0x0 c:/nxp/lpcxpresso_4.2.0_264/lpcxpresso/tools/bin/../lib/gcc/arm-none-eabi/4.5.1/../../../../arm-none-eabi/lib/thumb2\libc.a(lib_a-strcat.o)
 .text          0x00000000       0xbc c:/nxp/lpcxpresso_4.2.0_264/lpcxpresso/tools/bin/../lib/gcc/arm-none-eabi/4.5.1/../../../../arm-none-eabi/lib/thumb2\libc.a(lib_a-strcpy.o)
 .data          0x00000000        0x0 c:/nxp/lpcxpresso_4.2.0_264/lpcxpresso/tools/bin/../lib/gcc/arm-none-eabi/4.5.1/../../../../arm-none-eabi/lib/thumb2\libc.a(lib_a-strcpy.o)
 .bss           0x00000000        0x0 c:/nxp/lpcxpresso_4.2.0_264/lpcxpresso/tools/bin/../lib/gcc/arm-none-eabi/4.5.1/../../../../arm-none-eabi/lib/thumb2\libc.a(lib_a-strcpy.o)
 .data          0x00000000        0x0 c:/nxp/lpcxpresso_4.2.0_264/lpcxpresso/tools/bin/../lib/gcc/arm-none-eabi/4.5.1/../../../../arm-none-eabi/lib/thumb2\libc.a(lib_a-strncpy.o)
 .bss           0x00000000        0x0 c:/nxp/lpcxpresso_4.2.0_264/lpcxpresso/tools/bin/../lib/gcc/arm-none-eabi/4.5.1/../../../../arm-none-eabi/lib/thumb2\libc.a(lib_a-strncpy.o)
 .text          0x00000000     0x1658 c:/nxp/lpcxpresso_4.2.0_264/lpcxpresso/tools/bin/../lib/gcc/arm-none-eabi/4.5.1/../../../../arm-none-eabi/lib/thumb2\libc.a(lib_a-svfprintf.o)
 .data          0x00000000        0x0 c:/nxp/lpcxpresso_4.2.0_264/lpcxpresso/tools/bin/../lib/gcc/arm-none-eabi/4.5.1/../../../../arm-none-eabi/lib/thumb2\libc.a(lib_a-svfprintf.o)
 .bss           0x00000000        0x0 c:/nxp/lpcxpresso_4.2.0_264/lpcxpresso/tools/bin/../lib/gcc/arm-none-eabi/4.5.1/../../../../arm-none-eabi/lib/thumb2\libc.a(lib_a-svfprintf.o)
 .rodata        0x00000000       0x20 c:/nxp/lpcxpresso_4.2.0_264/lpcxpresso/tools/bin/../lib/gcc/arm-none-eabi/4.5.1/../../../../arm-none-eabi/lib/thumb2\libc.a(lib_a-svfprintf.o)
 .rodata.str1.4
                0x00000000       0x44 c:/nxp/lpcxpresso_4.2.0_264/lpcxpresso/tools/bin/../lib/gcc/arm-none-eabi/4.5.1/../../../../arm-none-eabi/lib/thumb2\libc.a(lib_a-svfprintf.o)
 .text          0x00000000     0x1000 c:/nxp/lpcxpresso_4.2.0_264/lpcxpresso/tools/bin/../lib/gcc/arm-none-eabi/4.5.1/../../../../arm-none-eabi/lib/thumb2\libc.a(lib_a-dtoa.o)
 .data          0x00000000        0x0 c:/nxp/lpcxpresso_4.2.0_264/lpcxpresso/tools/bin/../lib/gcc/arm-none-eabi/4.5.1/../../../../arm-none-eabi/lib/thumb2\libc.a(lib_a-dtoa.o)
 .bss           0x00000000        0x0 c:/nxp/lpcxpresso_4.2.0_264/lpcxpresso/tools/bin/../lib/gcc/arm-none-eabi/4.5.1/../../../../arm-none-eabi/lib/thumb2\libc.a(lib_a-dtoa.o)
 .rodata.str1.4
                0x00000000       0x14 c:/nxp/lpcxpresso_4.2.0_264/lpcxpresso/tools/bin/../lib/gcc/arm-none-eabi/4.5.1/../../../../arm-none-eabi/lib/thumb2\libc.a(lib_a-dtoa.o)
 .text          0x00000000        0x0 c:/nxp/lpcxpresso_4.2.0_264/lpcxpresso/tools/bin/../lib/gcc/arm-none-eabi/4.5.1/../../../../arm-none-eabi/lib/thumb2\libc.a(lib_a-impure.o)
 .data          0x00000000       0xf4 c:/nxp/lpcxpresso_4.2.0_264/lpcxpresso/tools/bin/../lib/gcc/arm-none-eabi/4.5.1/../../../../arm-none-eabi/lib/thumb2\libc.a(lib_a-impure.o)
 .bss           0x00000000        0x0 c:/nxp/lpcxpresso_4.2.0_264/lpcxpresso/tools/bin/../lib/gcc/arm-none-eabi/4.5.1/../../../../arm-none-eabi/lib/thumb2\libc.a(lib_a-impure.o)
 .rodata        0x00000000        0x4 c:/nxp/lpcxpresso_4.2.0_264/lpcxpresso/tools/bin/../lib/gcc/arm-none-eabi/4.5.1/../../../../arm-none-eabi/lib/thumb2\libc.a(lib_a-impure.o)
 .rodata.str1.4
                0x00000000        0x4 c:/nxp/lpcxpresso_4.2.0_264/lpcxpresso/tools/bin/../lib/gcc/arm-none-eabi/4.5.1/../../../../arm-none-eabi/lib/thumb2\libc.a(lib_a-impure.o)
 .text          0x00000000       0xa0 c:/nxp/lpcxpresso_4.2.0_264/lpcxpresso/tools/bin/../lib/gcc/arm-none-eabi/4.5.1/../../../../arm-none-eabi/lib/thumb2\libc.a(lib_a-locale.o)
 .data          0x00000000       0x7c c:/nxp/lpcxpresso_4.2.0_264/lpcxpresso/tools/bin/../lib/gcc/arm-none-eabi/4.5.1/../../../../arm-none-eabi/lib/thumb2\libc.a(lib_a-locale.o)
 .bss           0x00000000        0xc c:/nxp/lpcxpresso_4.2.0_264/lpcxpresso/tools/bin/../lib/gcc/arm-none-eabi/4.5.1/../../../../arm-none-eabi/lib/thumb2\libc.a(lib_a-locale.o)
 .rodata.str1.4
                0x00000000       0x14 c:/nxp/lpcxpresso_4.2.0_264/lpcxpresso/tools/bin/../lib/gcc/arm-none-eabi/4.5.1/../../../../arm-none-eabi/lib/thumb2\libc.a(lib_a-locale.o)
 .text          0x00000000       0x20 c:/nxp/lpcxpresso_4.2.0_264/lpcxpresso/tools/bin/../lib/gcc/arm-none-eabi/4.5.1/../../../../arm-none-eabi/lib/thumb2\libc.a(lib_a-malloc.o)
 .data          0x00000000        0x0 c:/nxp/lpcxpresso_4.2.0_264/lpcxpresso/tools/bin/../lib/gcc/arm-none-eabi/4.5.1/../../../../arm-none-eabi/lib/thumb2\libc.a(lib_a-malloc.o)
 .bss           0x00000000        0x0 c:/nxp/lpcxpresso_4.2.0_264/lpcxpresso/tools/bin/../lib/gcc/arm-none-eabi/4.5.1/../../../../arm-none-eabi/lib/thumb2\libc.a(lib_a-malloc.o)
 .text          0x00000000      0x57c c:/nxp/lpcxpresso_4.2.0_264/lpcxpresso/tools/bin/../lib/gcc/arm-none-eabi/4.5.1/../../../../arm-none-eabi/lib/thumb2\libc.a(lib_a-mallocr.o)
 .data          0x00000000      0x410 c:/nxp/lpcxpresso_4.2.0_264/lpcxpresso/tools/bin/../lib/gcc/arm-none-eabi/4.5.1/../../../../arm-none-eabi/lib/thumb2\libc.a(lib_a-mallocr.o)
 .bss           0x00000000       0x34 c:/nxp/lpcxpresso_4.2.0_264/lpcxpresso/tools/bin/../lib/gcc/arm-none-eabi/4.5.1/../../../../arm-none-eabi/lib/thumb2\libc.a(lib_a-mallocr.o)
 .text          0x00000000       0x88 c:/nxp/lpcxpresso_4.2.0_264/lpcxpresso/tools/bin/../lib/gcc/arm-none-eabi/4.5.1/../../../../arm-none-eabi/lib/thumb2\libc.a(lib_a-memchr.o)
 .data          0x00000000        0x0 c:/nxp/lpcxpresso_4.2.0_264/lpcxpresso/tools/bin/../lib/gcc/arm-none-eabi/4.5.1/../../../../arm-none-eabi/lib/thumb2\libc.a(lib_a-memchr.o)
 .bss           0x00000000        0x0 c:/nxp/lpcxpresso_4.2.0_264/lpcxpresso/tools/bin/../lib/gcc/arm-none-eabi/4.5.1/../../../../arm-none-eabi/lib/thumb2\libc.a(lib_a-memchr.o)
 .text          0x00000000        0x8 c:/nxp/lpcxpresso_4.2.0_264/lpcxpresso/tools/bin/../lib/gcc/arm-none-eabi/4.5.1/../../../../arm-none-eabi/lib/thumb2\libc.a(lib_a-mlock.o)
 .data          0x00000000        0x0 c:/nxp/lpcxpresso_4.2.0_264/lpcxpresso/tools/bin/../lib/gcc/arm-none-eabi/4.5.1/../../../../arm-none-eabi/lib/thumb2\libc.a(lib_a-mlock.o)
 .bss           0x00000000        0x0 c:/nxp/lpcxpresso_4.2.0_264/lpcxpresso/tools/bin/../lib/gcc/arm-none-eabi/4.5.1/../../../../arm-none-eabi/lib/thumb2\libc.a(lib_a-mlock.o)
 .text          0x00000000      0x920 c:/nxp/lpcxpresso_4.2.0_264/lpcxpresso/tools/bin/../lib/gcc/arm-none-eabi/4.5.1/../../../../arm-none-eabi/lib/thumb2\libc.a(lib_a-mprec.o)
 .data          0x00000000        0x0 c:/nxp/lpcxpresso_4.2.0_264/lpcxpresso/tools/bin/../lib/gcc/arm-none-eabi/4.5.1/../../../../arm-none-eabi/lib/thumb2\libc.a(lib_a-mprec.o)
 .bss           0x00000000        0x0 c:/nxp/lpcxpresso_4.2.0_264/lpcxpresso/tools/bin/../lib/gcc/arm-none-eabi/4.5.1/../../../../arm-none-eabi/lib/thumb2\libc.a(lib_a-mprec.o)
 .rodata        0x00000000      0x128 c:/nxp/lpcxpresso_4.2.0_264/lpcxpresso/tools/bin/../lib/gcc/arm-none-eabi/4.5.1/../../../../arm-none-eabi/lib/thumb2\libc.a(lib_a-mprec.o)
 .text          0x00000000       0x90 c:/nxp/lpcxpresso_4.2.0_264/lpcxpresso/tools/bin/../lib/gcc/arm-none-eabi/4.5.1/../../../../arm-none-eabi/lib/thumb2\libc.a(lib_a-s_fpclassify.o)
 .data          0x00000000        0x0 c:/nxp/lpcxpresso_4.2.0_264/lpcxpresso/tools/bin/../lib/gcc/arm-none-eabi/4.5.1/../../../../arm-none-eabi/lib/thumb2\libc.a(lib_a-s_fpclassify.o)
 .bss           0x00000000        0x0 c:/nxp/lpcxpresso_4.2.0_264/lpcxpresso/tools/bin/../lib/gcc/arm-none-eabi/4.5.1/../../../../arm-none-eabi/lib/thumb2\libc.a(lib_a-s_fpclassify.o)
 .text          0x00000000       0x28 c:/nxp/lpcxpresso_4.2.0_264/lpcxpresso/tools/bin/../lib/gcc/arm-none-eabi/4.5.1/../../../../arm-none-eabi/lib/thumb2\libc.a(lib_a-sbrkr.o)
 .data          0x00000000        0x0 c:/nxp/lpcxpresso_4.2.0_264/lpcxpresso/tools/bin/../lib/gcc/arm-none-eabi/4.5.1/../../../../arm-none-eabi/lib/thumb2\libc.a(lib_a-sbrkr.o)
 .bss           0x00000000        0x0 c:/nxp/lpcxpresso_4.2.0_264/lpcxpresso/tools/bin/../lib/gcc/arm-none-eabi/4.5.1/../../../../arm-none-eabi/lib/thumb2\libc.a(lib_a-sbrkr.o)
 .text          0x00000000      0x1dc c:/nxp/lpcxpresso_4.2.0_264/lpcxpresso/tools/bin/../lib/gcc/arm-none-eabi/4.5.1/../../../../arm-none-eabi/lib/thumb2\libc.a(lib_a-strcmp.o)
 .data          0x00000000        0x0 c:/nxp/lpcxpresso_4.2.0_264/lpcxpresso/tools/bin/../lib/gcc/arm-none-eabi/4.5.1/../../../../arm-none-eabi/lib/thumb2\libc.a(lib_a-strcmp.o)
 .bss           0x00000000        0x0 c:/nxp/lpcxpresso_4.2.0_264/lpcxpresso/tools/bin/../lib/gcc/arm-none-eabi/4.5.1/../../../../arm-none-eabi/lib/thumb2\libc.a(lib_a-strcmp.o)
 .text          0x00000000       0x60 c:/nxp/lpcxpresso_4.2.0_264/lpcxpresso/tools/bin/../lib/gcc/arm-none-eabi/4.5.1/../../../../arm-none-eabi/lib/thumb2\libc.a(lib_a-strlen.o)
 .data          0x00000000        0x0 c:/nxp/lpcxpresso_4.2.0_264/lpcxpresso/tools/bin/../lib/gcc/arm-none-eabi/4.5.1/../../../../arm-none-eabi/lib/thumb2\libc.a(lib_a-strlen.o)
 .bss           0x00000000        0x0 c:/nxp/lpcxpresso_4.2.0_264/lpcxpresso/tools/bin/../lib/gcc/arm-none-eabi/4.5.1/../../../../arm-none-eabi/lib/thumb2\libc.a(lib_a-strlen.o)
 .text          0x00000000      0xbe4 c:/nxp/lpcxpresso_4.2.0_264/lpcxpresso/tools/bin/../lib/gcc/arm-none-eabi/4.5.1/../../../../arm-none-eabi/lib/thumb2\libc.a(lib_a-svfiprintf.o)
 .data          0x00000000        0x0 c:/nxp/lpcxpresso_4.2.0_264/lpcxpresso/tools/bin/../lib/gcc/arm-none-eabi/4.5.1/../../../../arm-none-eabi/lib/thumb2\libc.a(lib_a-svfiprintf.o)
 .bss           0x00000000        0x0 c:/nxp/lpcxpresso_4.2.0_264/lpcxpresso/tools/bin/../lib/gcc/arm-none-eabi/4.5.1/../../../../arm-none-eabi/lib/thumb2\libc.a(lib_a-svfiprintf.o)
 .rodata        0x00000000       0x20 c:/nxp/lpcxpresso_4.2.0_264/lpcxpresso/tools/bin/../lib/gcc/arm-none-eabi/4.5.1/../../../../arm-none-eabi/lib/thumb2\libc.a(lib_a-svfiprintf.o)
 .rodata.str1.4
                0x00000000       0x30 c:/nxp/lpcxpresso_4.2.0_264/lpcxpresso/tools/bin/../lib/gcc/arm-none-eabi/4.5.1/../../../../arm-none-eabi/lib/thumb2\libc.a(lib_a-svfiprintf.o)
 .text          0x00000000       0x5c c:/nxp/lpcxpresso_4.2.0_264/lpcxpresso/tools/bin/../lib/gcc/arm-none-eabi/4.5.1/../../../../arm-none-eabi/lib/thumb2\libc.a(lib_a-callocr.o)
 .data          0x00000000        0x0 c:/nxp/lpcxpresso_4.2.0_264/lpcxpresso/tools/bin/../lib/gcc/arm-none-eabi/4.5.1/../../../../arm-none-eabi/lib/thumb2\libc.a(lib_a-callocr.o)
 .bss           0x00000000        0x0 c:/nxp/lpcxpresso_4.2.0_264/lpcxpresso/tools/bin/../lib/gcc/arm-none-eabi/4.5.1/../../../../arm-none-eabi/lib/thumb2\libc.a(lib_a-callocr.o)
 .text          0x00000000      0x240 c:/nxp/lpcxpresso_4.2.0_264/lpcxpresso/tools/bin/../lib/gcc/arm-none-eabi/4.5.1/../../../../arm-none-eabi/lib/thumb2\libc.a(lib_a-freer.o)
 .data          0x00000000        0x0 c:/nxp/lpcxpresso_4.2.0_264/lpcxpresso/tools/bin/../lib/gcc/arm-none-eabi/4.5.1/../../../../arm-none-eabi/lib/thumb2\libc.a(lib_a-freer.o)
 .bss           0x00000000        0x0 c:/nxp/lpcxpresso_4.2.0_264/lpcxpresso/tools/bin/../lib/gcc/arm-none-eabi/4.5.1/../../../../arm-none-eabi/lib/thumb2\libc.a(lib_a-freer.o)
 .text          0x00000000       0xa0 c:/nxp/lpcxpresso_4.2.0_264/lpcxpresso/tools/bin/../lib/gcc/arm-none-eabi/4.5.1/../../../../arm-none-eabi/lib/thumb2\libc.a(lib_a-memmove.o)
 .data          0x00000000        0x0 c:/nxp/lpcxpresso_4.2.0_264/lpcxpresso/tools/bin/../lib/gcc/arm-none-eabi/4.5.1/../../../../arm-none-eabi/lib/thumb2\libc.a(lib_a-memmove.o)
 .bss           0x00000000        0x0 c:/nxp/lpcxpresso_4.2.0_264/lpcxpresso/tools/bin/../lib/gcc/arm-none-eabi/4.5.1/../../../../arm-none-eabi/lib/thumb2\libc.a(lib_a-memmove.o)
 .text          0x00000000      0x41c c:/nxp/lpcxpresso_4.2.0_264/lpcxpresso/tools/bin/../lib/gcc/arm-none-eabi/4.5.1/../../../../arm-none-eabi/lib/thumb2\libc.a(lib_a-reallocr.o)
 .data          0x00000000        0x0 c:/nxp/lpcxpresso_4.2.0_264/lpcxpresso/tools/bin/../lib/gcc/arm-none-eabi/4.5.1/../../../../arm-none-eabi/lib/thumb2\libc.a(lib_a-reallocr.o)
 .bss           0x00000000        0x0 c:/nxp/lpcxpresso_4.2.0_264/lpcxpresso/tools/bin/../lib/gcc/arm-none-eabi/4.5.1/../../../../arm-none-eabi/lib/thumb2\libc.a(lib_a-reallocr.o)
 .text          0x00000000      0x114 c:/nxp/lpcxpresso_4.2.0_264/lpcxpresso/tools/bin/../lib/gcc/arm-none-eabi/4.5.1/../../../../arm-none-eabi/lib/thumb2\libc.a(lib_a-reent.o)
 .data          0x00000000        0x0 c:/nxp/lpcxpresso_4.2.0_264/lpcxpresso/tools/bin/../lib/gcc/arm-none-eabi/4.5.1/../../../../arm-none-eabi/lib/thumb2\libc.a(lib_a-reent.o)
 .bss           0x00000000        0x0 c:/nxp/lpcxpresso_4.2.0_264/lpcxpresso/tools/bin/../lib/gcc/arm-none-eabi/4.5.1/../../../../arm-none-eabi/lib/thumb2\libc.a(lib_a-reent.o)
 COMMON         0x00000000        0x4 c:/nxp/lpcxpresso_4.2.0_264/lpcxpresso/tools/bin/../lib/gcc/arm-none-eabi/4.5.1/../../../../arm-none-eabi/lib/thumb2\libc.a(lib_a-reent.o)
 .text          0x00000000      0x370 c:/nxp/lpcxpresso_4.2.0_264/lpcxpresso/tools/bin/../lib/gcc/arm-none-eabi/4.5.1/thumb2\libgcc.a(_arm_addsubdf3.o)
 .data          0x00000000        0x0 c:/nxp/lpcxpresso_4.2.0_264/lpcxpresso/tools/bin/../lib/gcc/arm-none-eabi/4.5.1/thumb2\libgcc.a(_arm_addsubdf3.o)
 .bss           0x00000000        0x0 c:/nxp/lpcxpresso_4.2.0_264/lpcxpresso/tools/bin/../lib/gcc/arm-none-eabi/4.5.1/thumb2\libgcc.a(_arm_addsubdf3.o)
 .text          0x00000000      0x424 c:/nxp/lpcxpresso_4.2.0_264/lpcxpresso/tools/bin/../lib/gcc/arm-none-eabi/4.5.1/thumb2\libgcc.a(_arm_muldivdf3.o)
 .data          0x00000000        0x0 c:/nxp/lpcxpresso_4.2.0_264/lpcxpresso/tools/bin/../lib/gcc/arm-none-eabi/4.5.1/thumb2\libgcc.a(_arm_muldivdf3.o)
 .bss           0x00000000        0x0 c:/nxp/lpcxpresso_4.2.0_264/lpcxpresso/tools/bin/../lib/gcc/arm-none-eabi/4.5.1/thumb2\libgcc.a(_arm_muldivdf3.o)
 .text          0x00000000      0x110 c:/nxp/lpcxpresso_4.2.0_264/lpcxpresso/tools/bin/../lib/gcc/arm-none-eabi/4.5.1/thumb2\libgcc.a(_arm_cmpdf2.o)
 .data          0x00000000        0x0 c:/nxp/lpcxpresso_4.2.0_264/lpcxpresso/tools/bin/../lib/gcc/arm-none-eabi/4.5.1/thumb2\libgcc.a(_arm_cmpdf2.o)
 .bss           0x00000000        0x0 c:/nxp/lpcxpresso_4.2.0_264/lpcxpresso/tools/bin/../lib/gcc/arm-none-eabi/4.5.1/thumb2\libgcc.a(_arm_cmpdf2.o)
 .text          0x00000000       0x50 c:/nxp/lpcxpresso_4.2.0_264/lpcxpresso/tools/bin/../lib/gcc/arm-none-eabi/4.5.1/thumb2\libgcc.a(_arm_fixdfsi.o)
 .data          0x00000000        0x0 c:/nxp/lpcxpresso_4.2.0_264/lpcxpresso/tools/bin/../lib/gcc/arm-none-eabi/4.5.1/thumb2\libgcc.a(_arm_fixdfsi.o)
 .bss           0x00000000        0x0 c:/nxp/lpcxpresso_4.2.0_264/lpcxpresso/tools/bin/../lib/gcc/arm-none-eabi/4.5.1/thumb2\libgcc.a(_arm_fixdfsi.o)

Memory Configuration

Name             Origin             Length             Attributes
MFlash512        0x00000000         0x00002000         xr
RamLoc32         0x10000000         0x00008000         xrw
RamAHB32         0x2007c000         0x00008000         xrw
*default*        0x00000000         0xffffffff

Linker script and memory map

LOAD ./src/adc_driver.o
LOAD ./src/cr_startup_lpc17.o
LOAD ./src/log.o
LOAD ./src/main.o
LOAD ./FreeRTOS_src/croutine.o
LOAD ./FreeRTOS_src/list.o
LOAD ./FreeRTOS_src/queue.o
LOAD ./FreeRTOS_src/tasks.o
LOAD ./FreeRTOS_src/timers.o
LOAD ./FreeRTOS_portable/port.o
LOAD ./FreeRTOS_portable/MemMang/heap_2.o
LOAD D:\soft\Lib_API_CAPI\Debug\libLib_API_CAPI.a
LOAD D:\soft\CMSISv2p00_LPC17xx\Debug\libCMSISv2p00_LPC17xx.a
START GROUP
LOAD c:/nxp/lpcxpresso_4.2.0_264/lpcxpresso/tools/bin/../lib/gcc/arm-none-eabi/4.5.1/thumb2\libgcc.a
LOAD c:/nxp/lpcxpresso_4.2.0_264/lpcxpresso/tools/bin/../lib/gcc/arm-none-eabi/4.5.1/../../../../arm-none-eabi/lib/thumb2\libc.a
LOAD c:/nxp/lpcxpresso_4.2.0_264/lpcxpresso/tools/bin/../lib/gcc/arm-none-eabi/4.5.1/../../../../arm-none-eabi/lib/thumb2\libm.a
END GROUP
                0x00080000                __top_MFlash512 = 0x80000
                0x10008000                __top_RamLoc32 = 0x10008000
                0x20084000                __top_RamAHB32 = 0x20084000

.text           0x00000000     0x2ac4
 FILL mask 0xff
 *(.isr_vector)
 .isr_vector    0x00000000       0xcc ./src/cr_startup_lpc17.o
                0x00000000                g_pfnVectors
                0x000000cc                . = ALIGN (0x4)
                0x000000cc                __section_table_start = .
                0x000000cc                __data_section_table = .
                0x000000cc        0x4 LONG 0x2ac4 LOADADDR (.data)
                0x000000d0        0x4 LONG 0x10000000 ADDR (.data)
                0x000000d4        0x4 LONG 0x18 SIZEOF (.data)
                0x000000d8                __data_section_table_end = .
                0x000000d8                __bss_section_table = .
                0x000000d8        0x4 LONG 0x10000018 ADDR (.bss)
                0x000000dc        0x4 LONG 0x4d50 SIZEOF (.bss)
                0x000000e0                __bss_section_table_end = .
                0x000000e0                __section_table_end = .
 *(.after_vectors*)
 *(.text*)
 .text.NVIC_EnableIRQ
                0x000000e0       0x38 ./src/adc_driver.o
 .text.NVIC_SetPriority
                0x00000118       0x5c ./src/adc_driver.o
 .text.ADC_Init
                0x00000174      0x270 ./src/adc_driver.o
                0x00000174                ADC_Init
 .text.ADC_IRQHandler
                0x000003e4      0x1cc ./src/adc_driver.o
                0x000003e4                ADC_IRQHandler
 .text.ResetISR
                0x000005b0       0x64 ./src/cr_startup_lpc17.o
                0x000005b0                ResetISR
 .text.NMI_Handler
                0x00000614        0x8 ./src/cr_startup_lpc17.o
                0x00000614                NMI_Handler
 .text.HardFault_Handler
                0x0000061c        0x8 ./src/cr_startup_lpc17.o
                0x0000061c                HardFault_Handler
 .text.MemManage_Handler
                0x00000624        0x8 ./src/cr_startup_lpc17.o
                0x00000624                MemManage_Handler
 .text.BusFault_Handler
                0x0000062c        0x8 ./src/cr_startup_lpc17.o
                0x0000062c                BusFault_Handler
 .text.UsageFault_Handler
                0x00000634        0x8 ./src/cr_startup_lpc17.o
                0x00000634                UsageFault_Handler
 .text.DebugMon_Handler
                0x0000063c        0x8 ./src/cr_startup_lpc17.o
                0x0000063c                DebugMon_Handler
 .text.IntDefaultHandler
                0x00000644        0x8 ./src/cr_startup_lpc17.o
                0x00000644                TIMER2_IRQHandler
                0x00000644                RIT_IRQHandler
                0x00000644                I2C0_IRQHandler
                0x00000644                USBActivity_IRQHandler
                0x00000644                PWM1_IRQHandler
                0x00000644                I2C1_IRQHandler
                0x00000644                EINT2_IRQHandler
                0x00000644                UART1_IRQHandler
                0x00000644                EINT3_IRQHandler
                0x00000644                CANActivity_IRQHandler
                0x00000644                TIMER3_IRQHandler
                0x00000644                UART0_IRQHandler
                0x00000644                IntDefaultHandler
                0x00000644                PLL0_IRQHandler
                0x00000644                CAN_IRQHandler
                0x00000644                PLL1_IRQHandler
                0x00000644                SSP0_IRQHandler
                0x00000644                I2S_IRQHandler
                0x00000644                I2C2_IRQHandler
                0x00000644                RTC_IRQHandler
                0x00000644                TIMER0_IRQHandler
                0x00000644                SPI_IRQHandler
                0x00000644                EINT1_IRQHandler
                0x00000644                TIMER1_IRQHandler
                0x00000644                UART2_IRQHandler
                0x00000644                SSP1_IRQHandler
                0x00000644                USB_IRQHandler
                0x00000644                BOD_IRQHandler
                0x00000644                WDT_IRQHandler
                0x00000644                QEI_IRQHandler
                0x00000644                EINT0_IRQHandler
                0x00000644                DMA_IRQHandler
                0x00000644                UART3_IRQHandler
                0x00000644                MCPWM_IRQHandler
                0x00000644                ENET_IRQHandler
 .text.potencia10
                0x0000064c       0x38 ./src/log.o
                0x0000064c                potencia10
 .text.log      0x00000684       0xf0 ./src/log.o
                0x00000684                log
 .text.setupHardware
                0x00000774       0x14 ./src/main.o
 .text.tCalculaNRE
                0x00000788      0x11c ./src/main.o
                0x00000788                tCalculaNRE
 .text.main     0x000008a4       0x68 ./src/main.o
                0x000008a4                main
 .text.vListInitialise
                0x0000090c       0x48 ./FreeRTOS_src/list.o
                0x0000090c                vListInitialise
 .text.vListInitialiseItem
                0x00000954       0x1c ./FreeRTOS_src/list.o
                0x00000954                vListInitialiseItem
 .text.vListInsertEnd
                0x00000970       0x54 ./FreeRTOS_src/list.o
                0x00000970                vListInsertEnd
 .text.vListInsert
                0x000009c4       0x78 ./FreeRTOS_src/list.o
                0x000009c4                vListInsert
 .text.vListRemove
                0x00000a3c       0x54 ./FreeRTOS_src/list.o
                0x00000a3c                vListRemove
 .text.xQueueCreate
                0x00000a90       0xd0 ./FreeRTOS_src/queue.o
                0x00000a90                xQueueCreate
 .text.xQueueGenericSend
                0x00000b60      0x124 ./FreeRTOS_src/queue.o
                0x00000b60                xQueueGenericSend
 .text.xQueueGenericSendFromISR
                0x00000c84       0x90 ./FreeRTOS_src/queue.o
                0x00000c84                xQueueGenericSendFromISR
 .text.xQueueGenericReceive
                0x00000d14      0x188 ./FreeRTOS_src/queue.o
                0x00000d14                xQueueGenericReceive
 .text.prvCopyDataToQueue
                0x00000e9c       0xc4 ./FreeRTOS_src/queue.o
 .text.prvCopyDataFromQueue
                0x00000f60       0x50 ./FreeRTOS_src/queue.o
 .text.prvUnlockQueue
                0x00000fb0       0xa0 ./FreeRTOS_src/queue.o
 .text.prvIsQueueEmpty
                0x00001050       0x2c ./FreeRTOS_src/queue.o
 .text.prvIsQueueFull
                0x0000107c       0x30 ./FreeRTOS_src/queue.o
 .text.xTaskGenericCreate
                0x000010ac      0x1bc ./FreeRTOS_src/tasks.o
                0x000010ac                xTaskGenericCreate
 .text.vTaskStartScheduler
                0x00001268       0x74 ./FreeRTOS_src/tasks.o
                0x00001268                vTaskStartScheduler
 .text.vTaskSuspendAll
                0x000012dc       0x24 ./FreeRTOS_src/tasks.o
                0x000012dc                vTaskSuspendAll
 .text.xTaskResumeAll
                0x00001300      0x154 ./FreeRTOS_src/tasks.o
                0x00001300                xTaskResumeAll
 .text.vTaskIncrementTick
                0x00001454      0x1b8 ./FreeRTOS_src/tasks.o
                0x00001454                vTaskIncrementTick
 .text.vTaskSwitchContext
                0x0000160c      0x198 ./FreeRTOS_src/tasks.o
                0x0000160c                vTaskSwitchContext
 .text.vTaskPlaceOnEventList
                0x000017a4       0x78 ./FreeRTOS_src/tasks.o
                0x000017a4                vTaskPlaceOnEventList
 .text.xTaskRemoveFromEventList
                0x0000181c       0xc4 ./FreeRTOS_src/tasks.o
                0x0000181c                xTaskRemoveFromEventList
 .text.vTaskSetTimeOutState
                0x000018e0       0x30 ./FreeRTOS_src/tasks.o
                0x000018e0                vTaskSetTimeOutState
 .text.xTaskCheckForTimeOut
                0x00001910       0xa4 ./FreeRTOS_src/tasks.o
                0x00001910                xTaskCheckForTimeOut
 .text.vTaskMissedYield
                0x000019b4       0x18 ./FreeRTOS_src/tasks.o
                0x000019b4                vTaskMissedYield
 .text.prvIdleTask
                0x000019cc       0x10 ./FreeRTOS_src/tasks.o
 .text.prvInitialiseTCBVariables
                0x000019dc       0x7c ./FreeRTOS_src/tasks.o
 .text.prvInitialiseTaskLists
                0x00001a58       0xa4 ./FreeRTOS_src/tasks.o
 .text.prvCheckTasksWaitingTermination
                0x00001afc       0x94 ./FreeRTOS_src/tasks.o
 .text.prvAddCurrentTaskToDelayedList
                0x00001b90       0x8c ./FreeRTOS_src/tasks.o
 .text.prvAllocateTCBAndStack
                0x00001c1c       0x74 ./FreeRTOS_src/tasks.o
 .text.prvDeleteTCB
                0x00001c90       0x20 ./FreeRTOS_src/tasks.o
 .text.xTaskGetCurrentTaskHandle
                0x00001cb0       0x20 ./FreeRTOS_src/tasks.o
                0x00001cb0                xTaskGetCurrentTaskHandle
 .text.vTaskPriorityInherit
                0x00001cd0       0xd8 ./FreeRTOS_src/tasks.o
                0x00001cd0                vTaskPriorityInherit
 .text.vTaskPriorityDisinherit
                0x00001da8       0x90 ./FreeRTOS_src/tasks.o
                0x00001da8                vTaskPriorityDisinherit
 .text.pxPortInitialiseStack
                0x00001e38       0x60 ./FreeRTOS_portable/port.o
                0x00001e38                pxPortInitialiseStack
 .text.vPortSVCHandler
                0x00001e98       0x20 ./FreeRTOS_portable/port.o
                0x00001e98                vPortSVCHandler
 .text.vPortStartFirstTask
                0x00001eb8       0x14 ./FreeRTOS_portable/port.o
                0x00001eb8                vPortStartFirstTask
 .text.xPortStartScheduler
                0x00001ecc       0x54 ./FreeRTOS_portable/port.o
                0x00001ecc                xPortStartScheduler
 .text.vPortYieldFromISR
                0x00001f20       0x18 ./FreeRTOS_portable/port.o
                0x00001f20                vPortYieldFromISR
 .text.vPortEnterCritical
                0x00001f38       0x2c ./FreeRTOS_portable/port.o
                0x00001f38                vPortEnterCritical
 .text.vPortExitCritical
                0x00001f64       0x38 ./FreeRTOS_portable/port.o
                0x00001f64                vPortExitCritical
 .text.xPortPendSVHandler
                0x00001f9c       0x3c ./FreeRTOS_portable/port.o
                0x00001f9c                xPortPendSVHandler
 .text.xPortSysTickHandler
                0x00001fd8       0x38 ./FreeRTOS_portable/port.o
                0x00001fd8                xPortSysTickHandler
 .text.prvSetupTimerInterrupt
                0x00002010       0x2c ./FreeRTOS_portable/port.o
 .text.pvPortMalloc
                0x0000203c      0x1b0 ./FreeRTOS_portable/MemMang/heap_2.o
                0x0000203c                pvPortMalloc
 .text.vPortFree
                0x000021ec       0x88 ./FreeRTOS_portable/MemMang/heap_2.o
                0x000021ec                vPortFree
 .text          0x00002274      0x21c c:/nxp/lpcxpresso_4.2.0_264/lpcxpresso/tools/bin/../lib/gcc/arm-none-eabi/4.5.1/thumb2\libgcc.a(_arm_addsubsf3.o)
                0x00002274                __aeabi_frsub
                0x0000227c                __subsf3
                0x0000227c                __aeabi_fsub
                0x00002280                __aeabi_fadd
                0x00002280                __addsf3
                0x000023e0                __aeabi_ui2f
                0x000023e0                __floatunsisf
                0x000023e8                __aeabi_i2f
                0x000023e8                __floatsisf
                0x00002404                __aeabi_ul2f
                0x00002404                __floatundisf
                0x00002414                __aeabi_l2f
                0x00002414                __floatdisf
 .text          0x00002490      0x2a0 c:/nxp/lpcxpresso_4.2.0_264/lpcxpresso/tools/bin/../lib/gcc/arm-none-eabi/4.5.1/thumb2\libgcc.a(_arm_muldivsf3.o)
                0x00002490                __mulsf3
                0x00002490                __aeabi_fmul
                0x000025f8                __aeabi_fdiv
                0x000025f8                __divsf3
 .text          0x00002730       0xec c:/nxp/lpcxpresso_4.2.0_264/lpcxpresso/tools/bin/../lib/gcc/arm-none-eabi/4.5.1/thumb2\libgcc.a(_arm_cmpsf2.o)
                0x00002730                __gesf2
                0x00002730                __gtsf2
                0x00002738                __lesf2
                0x00002738                __ltsf2
                0x00002740                __nesf2
                0x00002740                __eqsf2
                0x00002740                __cmpsf2
                0x000027a0                __aeabi_cfrcmple
                0x000027a8                __aeabi_cfcmpeq
                0x000027a8                __aeabi_cfcmple
                0x000027b8                __aeabi_fcmpeq
                0x000027cc                __aeabi_fcmplt
                0x000027e0                __aeabi_fcmple
                0x000027f4                __aeabi_fcmpge
                0x00002808                __aeabi_fcmpgt
 .text          0x0000281c      0x150 c:/nxp/lpcxpresso_4.2.0_264/lpcxpresso/tools/bin/../lib/gcc/arm-none-eabi/4.5.1/../../../../arm-none-eabi/lib/thumb2\libc.a(lib_a-memcpy.o)
                0x0000281c                memcpy
 .text          0x0000296c       0xb4 c:/nxp/lpcxpresso_4.2.0_264/lpcxpresso/tools/bin/../lib/gcc/arm-none-eabi/4.5.1/../../../../arm-none-eabi/lib/thumb2\libc.a(lib_a-memset.o)
                0x0000296c                memset
 .text          0x00002a20       0x7c c:/nxp/lpcxpresso_4.2.0_264/lpcxpresso/tools/bin/../lib/gcc/arm-none-eabi/4.5.1/../../../../arm-none-eabi/lib/thumb2\libc.a(lib_a-strncpy.o)
                0x00002a20                strncpy
 *(.rodata .rodata.*)
 .rodata        0x00002a9c        0x4 ./src/main.o
 .rodata        0x00002aa0       0x20 ./FreeRTOS_src/tasks.o
 .rodata.heapSTRUCT_SIZE
                0x00002ac0        0x2 ./FreeRTOS_portable/MemMang/heap_2.o
                0x00002ac4                . = ALIGN (0x4)
 *fill*         0x00002ac2        0x2 ff

.glue_7         0x00002ac4        0x0
 .glue_7        0x00000000        0x0 linker stubs

.glue_7t        0x00002ac4        0x0
 .glue_7t       0x00000000        0x0 linker stubs

.vfp11_veneer   0x00002ac4        0x0
 .vfp11_veneer  0x00000000        0x0 linker stubs

.v4_bx          0x00002ac4        0x0
 .v4_bx         0x00000000        0x0 linker stubs

.ARM.extab
 *(.ARM.extab* .gnu.linkonce.armextab.*)
                0x00002ac4                __exidx_start = .

.ARM.exidx
 *(.ARM.exidx* .gnu.linkonce.armexidx.*)
                0x00002ac4                __exidx_end = .
                0x00002ac4                _etext = .

.uninit_RESERVED
 *(.bss.$RESERVED*)

.data           0x10000000       0x18 load address 0x00002ac4
 FILL mask 0xff
                0x10000000                _data = .
 *(vtable)
 *(.data*)
 .data.cte_calibracion
                0x10000000        0x4 ./src/main.o
                0x10000000                cte_calibracion
 .data.xNextTaskUnblockTime
                0x10000004        0x4 ./FreeRTOS_src/tasks.o
 .data.uxPreviousTask
                0x10000008        0x4 ./FreeRTOS_src/tasks.o
 .data.uxCriticalNesting
                0x1000000c        0x4 ./FreeRTOS_portable/port.o
 .data.xFreeBytesRemaining
                0x10000010        0x4 ./FreeRTOS_portable/MemMang/heap_2.o
 .data.SystemCoreClock
                0x10000014        0x4 D:\soft\CMSISv2p00_LPC17xx\Debug\libCMSISv2p00_LPC17xx.a(system_LPC17xx.o)
                0x10000014                SystemCoreClock
                0x10000018                . = ALIGN (0x4)
                0x10000018                _edata = .

.bss            0x10000018     0x4d50 load address 0x00002adc
                0x10000018                _bss = .
 *(.bss*)
 .bss.lecturas.2252
                0x10000018        0x4 ./src/adc_driver.o
 .bss.pxCurrentTCB
                0x1000001c        0x4 ./FreeRTOS_src/tasks.o
                0x1000001c                pxCurrentTCB
 .bss.pxReadyTasksLists
                0x10000020       0x64 ./FreeRTOS_src/tasks.o
 .bss.xDelayedTaskList1
                0x10000084       0x14 ./FreeRTOS_src/tasks.o
 .bss.xDelayedTaskList2
                0x10000098       0x14 ./FreeRTOS_src/tasks.o
 .bss.pxDelayedTaskList
                0x100000ac        0x4 ./FreeRTOS_src/tasks.o
 .bss.pxOverflowDelayedTaskList
                0x100000b0        0x4 ./FreeRTOS_src/tasks.o
 .bss.xPendingReadyList
                0x100000b4       0x14 ./FreeRTOS_src/tasks.o
 .bss.xTasksWaitingTermination
                0x100000c8       0x14 ./FreeRTOS_src/tasks.o
 .bss.uxTasksDeleted
                0x100000dc        0x4 ./FreeRTOS_src/tasks.o
 .bss.xSuspendedTaskList
                0x100000e0       0x14 ./FreeRTOS_src/tasks.o
 .bss.uxCurrentNumberOfTasks
                0x100000f4        0x4 ./FreeRTOS_src/tasks.o
 .bss.xTickCount
                0x100000f8        0x4 ./FreeRTOS_src/tasks.o
 .bss.uxTopUsedPriority
                0x100000fc        0x4 ./FreeRTOS_src/tasks.o
 .bss.uxTopReadyPriority
                0x10000100        0x4 ./FreeRTOS_src/tasks.o
 .bss.xSchedulerRunning
                0x10000104        0x4 ./FreeRTOS_src/tasks.o
 .bss.uxSchedulerSuspended
                0x10000108        0x4 ./FreeRTOS_src/tasks.o
 .bss.uxMissedTicks
                0x1000010c        0x4 ./FreeRTOS_src/tasks.o
 .bss.xMissedYield
                0x10000110        0x4 ./FreeRTOS_src/tasks.o
 .bss.xNumOfOverflows
                0x10000114        0x4 ./FreeRTOS_src/tasks.o
 .bss.uxTaskNumber
                0x10000118        0x4 ./FreeRTOS_src/tasks.o
 .bss.pcTraceBuffer
                0x1000011c        0x4 ./FreeRTOS_src/tasks.o
 .bss.pcTraceBufferEnd
                0x10000120        0x4 ./FreeRTOS_src/tasks.o
 .bss.xTracing  0x10000124        0x4 ./FreeRTOS_src/tasks.o
 .bss.xHeap     0x10000128     0x4c00 ./FreeRTOS_portable/MemMang/heap_2.o
 .bss.xStart    0x10004d28        0x8 ./FreeRTOS_portable/MemMang/heap_2.o
 .bss.xEnd      0x10004d30        0x8 ./FreeRTOS_portable/MemMang/heap_2.o
 .bss.xHeapHasBeenInitialised.1594
                0x10004d38        0x4 ./FreeRTOS_portable/MemMang/heap_2.o
 *(COMMON)
 COMMON         0x10004d3c       0x28 ./src/adc_driver.o
                0x10004d3c                datos
                0x10004d5c                qLecturaADC
                0x10004d60                conversiones_totales
 COMMON         0x10004d64        0x4 ./src/main.o
                0x10004d64                qNRE
                0x10004d68                . = ALIGN (0x4)
                0x10004d68                _ebss = .
                0x10004d68                PROVIDE (end, .)
                0x10004d68                PROVIDE (_pvHeapStart, .)
                0x10008000                PROVIDE (_vStackTop, (__top_RamLoc32 - 0x0))
OUTPUT(sonometro.axf elf32-littlearm)

.debug_abbrev   0x00000000      0xca9
 .debug_abbrev  0x00000000      0x1a3 ./src/adc_driver.o
 .debug_abbrev  0x000001a3       0xa9 ./src/cr_startup_lpc17.o
 .debug_abbrev  0x0000024c       0x8b ./src/log.o
 .debug_abbrev  0x000002d7      0x107 ./src/main.o
 .debug_abbrev  0x000003de      0x18a ./FreeRTOS_src/croutine.o
 .debug_abbrev  0x00000568       0xba ./FreeRTOS_src/list.o
 .debug_abbrev  0x00000622      0x170 ./FreeRTOS_src/queue.o
 .debug_abbrev  0x00000792      0x184 ./FreeRTOS_src/tasks.o
 .debug_abbrev  0x00000916       0x2c ./FreeRTOS_src/timers.o
 .debug_abbrev  0x00000942      0x124 ./FreeRTOS_portable/port.o
 .debug_abbrev  0x00000a66      0x160 ./FreeRTOS_portable/MemMang/heap_2.o
 .debug_abbrev  0x00000bc6       0xe3 D:\soft\CMSISv2p00_LPC17xx\Debug\libCMSISv2p00_LPC17xx.a(system_LPC17xx.o)

.debug_info     0x00000000     0x38fc
 .debug_info    0x00000000      0xbeb ./src/adc_driver.o
 .debug_info    0x00000beb      0x18f ./src/cr_startup_lpc17.o
 .debug_info    0x00000d7a       0xde ./src/log.o
 .debug_info    0x00000e58      0x1e9 ./src/main.o
 .debug_info    0x00001041      0x4b7 ./FreeRTOS_src/croutine.o
 .debug_info    0x000014f8      0x2ae ./FreeRTOS_src/list.o
 .debug_info    0x000017a6      0x8d2 ./FreeRTOS_src/queue.o
 .debug_info    0x00002078     0x1007 ./FreeRTOS_src/tasks.o
 .debug_info    0x0000307f       0x54 ./FreeRTOS_src/timers.o
 .debug_info    0x000030d3      0x1df ./FreeRTOS_portable/port.o
 .debug_info    0x000032b2      0x2bb ./FreeRTOS_portable/MemMang/heap_2.o
 .debug_info    0x0000356d      0x38f D:\soft\CMSISv2p00_LPC17xx\Debug\libCMSISv2p00_LPC17xx.a(system_LPC17xx.o)

.debug_line     0x00000000     0x364b
 .debug_line    0x00000000      0x466 ./src/adc_driver.o
 .debug_line    0x00000466       0xf0 ./src/cr_startup_lpc17.o
 .debug_line    0x00000556       0x8f ./src/log.o
 .debug_line    0x000005e5      0x23a ./src/main.o
 .debug_line    0x0000081f      0x30e ./FreeRTOS_src/croutine.o
 .debug_line    0x00000b2d      0x677 ./FreeRTOS_src/list.o
 .debug_line    0x000011a4      0x8ee ./FreeRTOS_src/queue.o
 .debug_line    0x00001a92      0xcd7 ./FreeRTOS_src/tasks.o
 .debug_line    0x00002769      0x1d5 ./FreeRTOS_src/timers.o
 .debug_line    0x0000293e      0x286 ./FreeRTOS_portable/port.o
 .debug_line    0x00002bc4      0x6b4 ./FreeRTOS_portable/MemMang/heap_2.o
 .debug_line    0x00003278      0x3d3 D:\soft\CMSISv2p00_LPC17xx\Debug\libCMSISv2p00_LPC17xx.a(system_LPC17xx.o)

.debug_macinfo  0x00000000    0x3b4be
 .debug_macinfo
                0x00000000     0x926e ./src/adc_driver.o
 .debug_macinfo
                0x0000926e     0x1705 ./src/cr_startup_lpc17.o
 .debug_macinfo
                0x0000a973     0x16e9 ./src/log.o
 .debug_macinfo
                0x0000c05c     0x4461 ./src/main.o
 .debug_macinfo
                0x000104bd     0x3dbb ./FreeRTOS_src/croutine.o
 .debug_macinfo
                0x00014278     0x528d ./FreeRTOS_src/list.o
 .debug_macinfo
                0x00019505     0x5fc1 ./FreeRTOS_src/queue.o
 .debug_macinfo
                0x0001f4c6     0x70f7 ./FreeRTOS_src/tasks.o
 .debug_macinfo
                0x000265bd     0x43ac ./FreeRTOS_src/timers.o
 .debug_macinfo
                0x0002a969     0x38ee ./FreeRTOS_portable/port.o
 .debug_macinfo
                0x0002e257     0x593c ./FreeRTOS_portable/MemMang/heap_2.o
 .debug_macinfo
                0x00033b93     0x792b D:\soft\CMSISv2p00_LPC17xx\Debug\libCMSISv2p00_LPC17xx.a(system_LPC17xx.o)

.debug_loc      0x00000000     0x1613
 .debug_loc     0x00000000      0x170 ./src/adc_driver.o
 .debug_loc     0x00000170      0x16c ./src/cr_startup_lpc17.o
 .debug_loc     0x000002dc       0x70 ./src/log.o
 .debug_loc     0x0000034c       0xd6 ./src/main.o
 .debug_loc     0x00000422      0x188 ./FreeRTOS_src/croutine.o
 .debug_loc     0x000005aa      0x118 ./FreeRTOS_src/list.o
 .debug_loc     0x000006c2      0x460 ./FreeRTOS_src/queue.o
 .debug_loc     0x00000b22      0x891 ./FreeRTOS_src/tasks.o
 .debug_loc     0x000013b3      0x178 ./FreeRTOS_portable/port.o
 .debug_loc     0x0000152b       0xc8 ./FreeRTOS_portable/MemMang/heap_2.o
 .debug_loc     0x000015f3       0x20 D:\soft\CMSISv2p00_LPC17xx\Debug\libCMSISv2p00_LPC17xx.a(system_LPC17xx.o)

.debug_pubnames
                0x00000000      0x916
 .debug_pubnames
                0x00000000       0xa1 ./src/adc_driver.o
 .debug_pubnames
                0x000000a1       0xc3 ./src/cr_startup_lpc17.o
 .debug_pubnames
                0x00000164       0x29 ./src/log.o
 .debug_pubnames
                0x0000018d       0x56 ./src/main.o
 .debug_pubnames
                0x000001e3       0x96 ./FreeRTOS_src/croutine.o
 .debug_pubnames
                0x00000279       0x71 ./FreeRTOS_src/list.o
 .debug_pubnames
                0x000002ea      0x18c ./FreeRTOS_src/queue.o
 .debug_pubnames
                0x00000476      0x2e0 ./FreeRTOS_src/tasks.o
 .debug_pubnames
                0x00000756      0x10d ./FreeRTOS_portable/port.o
 .debug_pubnames
                0x00000863       0x64 ./FreeRTOS_portable/MemMang/heap_2.o
 .debug_pubnames
                0x000008c7       0x4f D:\soft\CMSISv2p00_LPC17xx\Debug\libCMSISv2p00_LPC17xx.a(system_LPC17xx.o)

.debug_pubtypes
                0x00000000      0x533
 .debug_pubtypes
                0x00000000       0xc9 ./src/adc_driver.o
 .debug_pubtypes
                0x000000c9       0x45 ./src/main.o
 .debug_pubtypes
                0x0000010e       0xcd ./FreeRTOS_src/croutine.o
 .debug_pubtypes
                0x000001db       0x7a ./FreeRTOS_src/list.o
 .debug_pubtypes
                0x00000255      0x103 ./FreeRTOS_src/queue.o
 .debug_pubtypes
                0x00000358      0x10c ./FreeRTOS_src/tasks.o
 .debug_pubtypes
                0x00000464       0x12 ./FreeRTOS_src/timers.o
 .debug_pubtypes
                0x00000476       0x33 ./FreeRTOS_portable/port.o
 .debug_pubtypes
                0x000004a9       0x4c ./FreeRTOS_portable/MemMang/heap_2.o
 .debug_pubtypes
                0x000004f5       0x3e D:\soft\CMSISv2p00_LPC17xx\Debug\libCMSISv2p00_LPC17xx.a(system_LPC17xx.o)

.debug_aranges  0x00000000      0x478
 .debug_aranges
                0x00000000       0x50 ./src/adc_driver.o
 .debug_aranges
                0x00000050       0x58 ./src/cr_startup_lpc17.o
 .debug_aranges
                0x000000a8       0x28 ./src/log.o
 .debug_aranges
                0x000000d0       0x38 ./src/main.o
 .debug_aranges
                0x00000108       0x50 ./FreeRTOS_src/croutine.o
 .debug_aranges
                0x00000158       0x40 ./FreeRTOS_src/list.o
 .debug_aranges
                0x00000198       0xb8 ./FreeRTOS_src/queue.o
 .debug_aranges
                0x00000250      0x158 ./FreeRTOS_src/tasks.o
 .debug_aranges
                0x000003a8       0x70 ./FreeRTOS_portable/port.o
 .debug_aranges
                0x00000418       0x38 ./FreeRTOS_portable/MemMang/heap_2.o
 .debug_aranges
                0x00000450       0x28 D:\soft\CMSISv2p00_LPC17xx\Debug\libCMSISv2p00_LPC17xx.a(system_LPC17xx.o)

.debug_ranges   0x00000000      0x3c8
 .debug_ranges  0x00000000       0x40 ./src/adc_driver.o
 .debug_ranges  0x00000040       0x48 ./src/cr_startup_lpc17.o
 .debug_ranges  0x00000088       0x18 ./src/log.o
 .debug_ranges  0x000000a0       0x28 ./src/main.o
 .debug_ranges  0x000000c8       0x40 ./FreeRTOS_src/croutine.o
 .debug_ranges  0x00000108       0x30 ./FreeRTOS_src/list.o
 .debug_ranges  0x00000138       0xa8 ./FreeRTOS_src/queue.o
 .debug_ranges  0x000001e0      0x148 ./FreeRTOS_src/tasks.o
 .debug_ranges  0x00000328       0x60 ./FreeRTOS_portable/port.o
 .debug_ranges  0x00000388       0x28 ./FreeRTOS_portable/MemMang/heap_2.o
 .debug_ranges  0x000003b0       0x18 D:\soft\CMSISv2p00_LPC17xx\Debug\libCMSISv2p00_LPC17xx.a(system_LPC17xx.o)

.debug_str      0x00000000     0x1a86
 .debug_str     0x00000000      0x6de ./src/adc_driver.o
                                0x71f (size before relaxing)
 .debug_str     0x000006de       0xca ./src/cr_startup_lpc17.o
                                0x10d (size before relaxing)
 .debug_str     0x000007a8       0x3b ./src/log.o
                                 0x5f (size before relaxing)
 .debug_str     0x000007e3       0x86 ./src/main.o
                                0x143 (size before relaxing)
 .debug_str     0x00000869      0x33e ./FreeRTOS_src/croutine.o
                                0x3c4 (size before relaxing)
 .debug_str     0x00000ba7       0xaa ./FreeRTOS_src/list.o
                                0x1f5 (size before relaxing)
 .debug_str     0x00000c51      0x3c2 ./FreeRTOS_src/queue.o
                                0x53f (size before relaxing)
 .debug_str     0x00001013      0x780 ./FreeRTOS_src/tasks.o
                                0x9bb (size before relaxing)
 .debug_str     0x00001793       0x19 ./FreeRTOS_src/timers.o
                                 0x84 (size before relaxing)
 .debug_str     0x000017ac      0x123 ./FreeRTOS_portable/port.o
                                0x1c1 (size before relaxing)
 .debug_str     0x000018cf      0x15d ./FreeRTOS_portable/MemMang/heap_2.o
                                0x21c (size before relaxing)
 .debug_str     0x00001a2c       0x5a D:\soft\CMSISv2p00_LPC17xx\Debug\libCMSISv2p00_LPC17xx.a(system_LPC17xx.o)
                                0x257 (size before relaxing)

.comment        0x00000000       0x2a
 .comment       0x00000000       0x2a ./src/adc_driver.o
                                 0x2b (size before relaxing)
 .comment       0x00000000       0x2b ./src/cr_startup_lpc17.o
 .comment       0x00000000       0x2b ./src/log.o
 .comment       0x00000000       0x2b ./src/main.o
 .comment       0x00000000       0x2b ./FreeRTOS_src/croutine.o
 .comment       0x00000000       0x2b ./FreeRTOS_src/list.o
 .comment       0x00000000       0x2b ./FreeRTOS_src/queue.o
 .comment       0x00000000       0x2b ./FreeRTOS_src/tasks.o
 .comment       0x00000000       0x2b ./FreeRTOS_src/timers.o
 .comment       0x00000000       0x2b ./FreeRTOS_portable/port.o
 .comment       0x00000000       0x2b ./FreeRTOS_portable/MemMang/heap_2.o
 .comment       0x00000000       0x2b D:\soft\CMSISv2p00_LPC17xx\Debug\libCMSISv2p00_LPC17xx.a(system_LPC17xx.o)

.ARM.attributes
                0x00000000       0x31
 .ARM.attributes
                0x00000000       0x31 ./src/adc_driver.o
 .ARM.attributes
                0x00000031       0x31 ./src/cr_startup_lpc17.o
 .ARM.attributes
                0x00000062       0x31 ./src/log.o
 .ARM.attributes
                0x00000093       0x31 ./src/main.o
 .ARM.attributes
                0x000000c4       0x31 ./FreeRTOS_src/croutine.o
 .ARM.attributes
                0x000000f5       0x31 ./FreeRTOS_src/list.o
 .ARM.attributes
                0x00000126       0x31 ./FreeRTOS_src/queue.o
 .ARM.attributes
                0x00000157       0x31 ./FreeRTOS_src/tasks.o
 .ARM.attributes
                0x00000188       0x31 ./FreeRTOS_src/timers.o
 .ARM.attributes
                0x000001b9       0x31 ./FreeRTOS_portable/port.o
 .ARM.attributes
                0x000001ea       0x31 ./FreeRTOS_portable/MemMang/heap_2.o
 .ARM.attributes
                0x0000021b       0x31 D:\soft\CMSISv2p00_LPC17xx\Debug\libCMSISv2p00_LPC17xx.a(system_LPC17xx.o)
 .ARM.attributes
                0x0000024c       0x1b c:/nxp/lpcxpresso_4.2.0_264/lpcxpresso/tools/bin/../lib/gcc/arm-none-eabi/4.5.1/thumb2\libgcc.a(_arm_addsubsf3.o)
 .ARM.attributes
                0x00000267       0x1b c:/nxp/lpcxpresso_4.2.0_264/lpcxpresso/tools/bin/../lib/gcc/arm-none-eabi/4.5.1/thumb2\libgcc.a(_arm_muldivsf3.o)
 .ARM.attributes
                0x00000282       0x1b c:/nxp/lpcxpresso_4.2.0_264/lpcxpresso/tools/bin/../lib/gcc/arm-none-eabi/4.5.1/thumb2\libgcc.a(_arm_cmpsf2.o)
 .ARM.attributes
                0x0000029d       0x1b c:/nxp/lpcxpresso_4.2.0_264/lpcxpresso/tools/bin/../lib/gcc/arm-none-eabi/4.5.1/thumb2\libgcc.a(_aeabi_uldivmod.o)
 .ARM.attributes
                0x000002b8       0x29 c:/nxp/lpcxpresso_4.2.0_264/lpcxpresso/tools/bin/../lib/gcc/arm-none-eabi/4.5.1/thumb2\libgcc.a(bpabi.o)
 .ARM.attributes
                0x000002e1       0x1b c:/nxp/lpcxpresso_4.2.0_264/lpcxpresso/tools/bin/../lib/gcc/arm-none-eabi/4.5.1/thumb2\libgcc.a(_dvmd_tls.o)
 .ARM.attributes
                0x000002fc       0x29 c:/nxp/lpcxpresso_4.2.0_264/lpcxpresso/tools/bin/../lib/gcc/arm-none-eabi/4.5.1/thumb2\libgcc.a(_divdi3.o)
 .ARM.attributes
                0x00000325       0x29 c:/nxp/lpcxpresso_4.2.0_264/lpcxpresso/tools/bin/../lib/gcc/arm-none-eabi/4.5.1/thumb2\libgcc.a(_udivdi3.o)
 .ARM.attributes
                0x0000034e       0x1b c:/nxp/lpcxpresso_4.2.0_264/lpcxpresso/tools/bin/../lib/gcc/arm-none-eabi/4.5.1/thumb2\libgcc.a(_udivsi3.o)
 .ARM.attributes
                0x00000369       0x29 c:/nxp/lpcxpresso_4.2.0_264/lpcxpresso/tools/bin/../lib/gcc/arm-none-eabi/4.5.1/../../../../arm-none-eabi/lib/thumb2\libc.a(lib_a-memcpy.o)
 .ARM.attributes
                0x00000392       0x29 c:/nxp/lpcxpresso_4.2.0_264/lpcxpresso/tools/bin/../lib/gcc/arm-none-eabi/4.5.1/../../../../arm-none-eabi/lib/thumb2\libc.a(lib_a-memset.o)
 .ARM.attributes
                0x000003bb       0x29 c:/nxp/lpcxpresso_4.2.0_264/lpcxpresso/tools/bin/../lib/gcc/arm-none-eabi/4.5.1/../../../../arm-none-eabi/lib/thumb2\libc.a(lib_a-sprintf.o)
 .ARM.attributes
                0x000003e4       0x29 c:/nxp/lpcxpresso_4.2.0_264/lpcxpresso/tools/bin/../lib/gcc/arm-none-eabi/4.5.1/../../../../arm-none-eabi/lib/thumb2\libc.a(lib_a-strcat.o)
 .ARM.attributes
                0x0000040d       0x29 c:/nxp/lpcxpresso_4.2.0_264/lpcxpresso/tools/bin/../lib/gcc/arm-none-eabi/4.5.1/../../../../arm-none-eabi/lib/thumb2\libc.a(lib_a-strcpy.o)
 .ARM.attributes
                0x00000436       0x29 c:/nxp/lpcxpresso_4.2.0_264/lpcxpresso/tools/bin/../lib/gcc/arm-none-eabi/4.5.1/../../../../arm-none-eabi/lib/thumb2\libc.a(lib_a-strncpy.o)
 .ARM.attributes
                0x0000045f       0x29 c:/nxp/lpcxpresso_4.2.0_264/lpcxpresso/tools/bin/../lib/gcc/arm-none-eabi/4.5.1/../../../../arm-none-eabi/lib/thumb2\libc.a(lib_a-svfprintf.o)
 .ARM.attributes
                0x00000488       0x29 c:/nxp/lpcxpresso_4.2.0_264/lpcxpresso/tools/bin/../lib/gcc/arm-none-eabi/4.5.1/../../../../arm-none-eabi/lib/thumb2\libc.a(lib_a-dtoa.o)
 .ARM.attributes
                0x000004b1       0x29 c:/nxp/lpcxpresso_4.2.0_264/lpcxpresso/tools/bin/../lib/gcc/arm-none-eabi/4.5.1/../../../../arm-none-eabi/lib/thumb2\libc.a(lib_a-impure.o)
 .ARM.attributes
                0x000004da       0x29 c:/nxp/lpcxpresso_4.2.0_264/lpcxpresso/tools/bin/../lib/gcc/arm-none-eabi/4.5.1/../../../../arm-none-eabi/lib/thumb2\libc.a(lib_a-locale.o)
 .ARM.attributes
                0x00000503       0x29 c:/nxp/lpcxpresso_4.2.0_264/lpcxpresso/tools/bin/../lib/gcc/arm-none-eabi/4.5.1/../../../../arm-none-eabi/lib/thumb2\libc.a(lib_a-malloc.o)
 .ARM.attributes
                0x0000052c       0x29 c:/nxp/lpcxpresso_4.2.0_264/lpcxpresso/tools/bin/../lib/gcc/arm-none-eabi/4.5.1/../../../../arm-none-eabi/lib/thumb2\libc.a(lib_a-mallocr.o)
 .ARM.attributes
                0x00000555       0x29 c:/nxp/lpcxpresso_4.2.0_264/lpcxpresso/tools/bin/../lib/gcc/arm-none-eabi/4.5.1/../../../../arm-none-eabi/lib/thumb2\libc.a(lib_a-memchr.o)
 .ARM.attributes
                0x0000057e       0x29 c:/nxp/lpcxpresso_4.2.0_264/lpcxpresso/tools/bin/../lib/gcc/arm-none-eabi/4.5.1/../../../../arm-none-eabi/lib/thumb2\libc.a(lib_a-mlock.o)
 .ARM.attributes
                0x000005a7       0x29 c:/nxp/lpcxpresso_4.2.0_264/lpcxpresso/tools/bin/../lib/gcc/arm-none-eabi/4.5.1/../../../../arm-none-eabi/lib/thumb2\libc.a(lib_a-mprec.o)
 .ARM.attributes
                0x000005d0       0x29 c:/nxp/lpcxpresso_4.2.0_264/lpcxpresso/tools/bin/../lib/gcc/arm-none-eabi/4.5.1/../../../../arm-none-eabi/lib/thumb2\libc.a(lib_a-s_fpclassify.o)
 .ARM.attributes
                0x000005f9       0x29 c:/nxp/lpcxpresso_4.2.0_264/lpcxpresso/tools/bin/../lib/gcc/arm-none-eabi/4.5.1/../../../../arm-none-eabi/lib/thumb2\libc.a(lib_a-sbrkr.o)
 .ARM.attributes
                0x00000622       0x29 c:/nxp/lpcxpresso_4.2.0_264/lpcxpresso/tools/bin/../lib/gcc/arm-none-eabi/4.5.1/../../../../arm-none-eabi/lib/thumb2\libc.a(lib_a-strcmp.o)
 .ARM.attributes
                0x0000064b       0x29 c:/nxp/lpcxpresso_4.2.0_264/lpcxpresso/tools/bin/../lib/gcc/arm-none-eabi/4.5.1/../../../../arm-none-eabi/lib/thumb2\libc.a(lib_a-strlen.o)
 .ARM.attributes
                0x00000674       0x29 c:/nxp/lpcxpresso_4.2.0_264/lpcxpresso/tools/bin/../lib/gcc/arm-none-eabi/4.5.1/../../../../arm-none-eabi/lib/thumb2\libc.a(lib_a-svfiprintf.o)
 .ARM.attributes
                0x0000069d       0x29 c:/nxp/lpcxpresso_4.2.0_264/lpcxpresso/tools/bin/../lib/gcc/arm-none-eabi/4.5.1/../../../../arm-none-eabi/lib/thumb2\libc.a(lib_a-callocr.o)
 .ARM.attributes
                0x000006c6       0x29 c:/nxp/lpcxpresso_4.2.0_264/lpcxpresso/tools/bin/../lib/gcc/arm-none-eabi/4.5.1/../../../../arm-none-eabi/lib/thumb2\libc.a(lib_a-freer.o)
 .ARM.attributes
                0x000006ef       0x29 c:/nxp/lpcxpresso_4.2.0_264/lpcxpresso/tools/bin/../lib/gcc/arm-none-eabi/4.5.1/../../../../arm-none-eabi/lib/thumb2\libc.a(lib_a-memmove.o)
 .ARM.attributes
                0x00000718       0x29 c:/nxp/lpcxpresso_4.2.0_264/lpcxpresso/tools/bin/../lib/gcc/arm-none-eabi/4.5.1/../../../../arm-none-eabi/lib/thumb2\libc.a(lib_a-reallocr.o)
 .ARM.attributes
                0x00000741       0x29 c:/nxp/lpcxpresso_4.2.0_264/lpcxpresso/tools/bin/../lib/gcc/arm-none-eabi/4.5.1/../../../../arm-none-eabi/lib/thumb2\libc.a(lib_a-reent.o)
 .ARM.attributes
                0x0000076a       0x1b c:/nxp/lpcxpresso_4.2.0_264/lpcxpresso/tools/bin/../lib/gcc/arm-none-eabi/4.5.1/thumb2\libgcc.a(_arm_addsubdf3.o)
 .ARM.attributes
                0x00000785       0x1b c:/nxp/lpcxpresso_4.2.0_264/lpcxpresso/tools/bin/../lib/gcc/arm-none-eabi/4.5.1/thumb2\libgcc.a(_arm_muldivdf3.o)
 .ARM.attributes
                0x000007a0       0x1b c:/nxp/lpcxpresso_4.2.0_264/lpcxpresso/tools/bin/../lib/gcc/arm-none-eabi/4.5.1/thumb2\libgcc.a(_arm_cmpdf2.o)
 .ARM.attributes
                0x000007bb       0x1b c:/nxp/lpcxpresso_4.2.0_264/lpcxpresso/tools/bin/../lib/gcc/arm-none-eabi/4.5.1/thumb2\libgcc.a(_arm_fixdfsi.o)

.debug_frame    0x00000000     0x15f4
 .debug_frame   0x00000000       0xd4 ./src/adc_driver.o
 .debug_frame   0x000000d4       0xd8 ./src/cr_startup_lpc17.o
 .debug_frame   0x000001ac       0x50 ./src/log.o
 .debug_frame   0x000001fc       0x88 ./src/main.o
 .debug_frame   0x00000284       0xf0 ./FreeRTOS_src/croutine.o
 .debug_frame   0x00000374       0x9c ./FreeRTOS_src/list.o
 .debug_frame   0x00000410      0x27c ./FreeRTOS_src/queue.o
 .debug_frame   0x0000068c      0x4e0 ./FreeRTOS_src/tasks.o
 .debug_frame   0x00000b6c      0x110 ./FreeRTOS_portable/port.o
 .debug_frame   0x00000c7c       0x80 ./FreeRTOS_portable/MemMang/heap_2.o
 .debug_frame   0x00000cfc       0x3c D:\soft\CMSISv2p00_LPC17xx\Debug\libCMSISv2p00_LPC17xx.a(system_LPC17xx.o)
 .debug_frame   0x00000d38       0x50 c:/nxp/lpcxpresso_4.2.0_264/lpcxpresso/tools/bin/../lib/gcc/arm-none-eabi/4.5.1/thumb2\libgcc.a(bpabi.o)
 .debug_frame   0x00000d88       0x3c c:/nxp/lpcxpresso_4.2.0_264/lpcxpresso/tools/bin/../lib/gcc/arm-none-eabi/4.5.1/thumb2\libgcc.a(_divdi3.o)
 .debug_frame   0x00000dc4       0x3c c:/nxp/lpcxpresso_4.2.0_264/lpcxpresso/tools/bin/../lib/gcc/arm-none-eabi/4.5.1/thumb2\libgcc.a(_udivdi3.o)
 .debug_frame   0x00000e00       0x20 c:/nxp/lpcxpresso_4.2.0_264/lpcxpresso/tools/bin/../lib/gcc/arm-none-eabi/4.5.1/thumb2\libgcc.a(_udivsi3.o)
 .debug_frame   0x00000e20       0x30 c:/nxp/lpcxpresso_4.2.0_264/lpcxpresso/tools/bin/../lib/gcc/arm-none-eabi/4.5.1/../../../../arm-none-eabi/lib/thumb2\libc.a(lib_a-memcpy.o)
 .debug_frame   0x00000e50       0x2c c:/nxp/lpcxpresso_4.2.0_264/lpcxpresso/tools/bin/../lib/gcc/arm-none-eabi/4.5.1/../../../../arm-none-eabi/lib/thumb2\libc.a(lib_a-memset.o)
 .debug_frame   0x00000e7c       0x64 c:/nxp/lpcxpresso_4.2.0_264/lpcxpresso/tools/bin/../lib/gcc/arm-none-eabi/4.5.1/../../../../arm-none-eabi/lib/thumb2\libc.a(lib_a-sprintf.o)
 .debug_frame   0x00000ee0       0x2c c:/nxp/lpcxpresso_4.2.0_264/lpcxpresso/tools/bin/../lib/gcc/arm-none-eabi/4.5.1/../../../../arm-none-eabi/lib/thumb2\libc.a(lib_a-strcat.o)
 .debug_frame   0x00000f0c       0x20 c:/nxp/lpcxpresso_4.2.0_264/lpcxpresso/tools/bin/../lib/gcc/arm-none-eabi/4.5.1/../../../../arm-none-eabi/lib/thumb2\libc.a(lib_a-strcpy.o)
 .debug_frame   0x00000f2c       0x2c c:/nxp/lpcxpresso_4.2.0_264/lpcxpresso/tools/bin/../lib/gcc/arm-none-eabi/4.5.1/../../../../arm-none-eabi/lib/thumb2\libc.a(lib_a-strncpy.o)
 .debug_frame   0x00000f58       0x3c c:/nxp/lpcxpresso_4.2.0_264/lpcxpresso/tools/bin/../lib/gcc/arm-none-eabi/4.5.1/../../../../arm-none-eabi/lib/thumb2\libc.a(lib_a-svfprintf.o)
 .debug_frame   0x00000f94       0x68 c:/nxp/lpcxpresso_4.2.0_264/lpcxpresso/tools/bin/../lib/gcc/arm-none-eabi/4.5.1/../../../../arm-none-eabi/lib/thumb2\libc.a(lib_a-dtoa.o)
 .debug_frame   0x00000ffc       0x98 c:/nxp/lpcxpresso_4.2.0_264/lpcxpresso/tools/bin/../lib/gcc/arm-none-eabi/4.5.1/../../../../arm-none-eabi/lib/thumb2\libc.a(lib_a-locale.o)
 .debug_frame   0x00001094       0x30 c:/nxp/lpcxpresso_4.2.0_264/lpcxpresso/tools/bin/../lib/gcc/arm-none-eabi/4.5.1/../../../../arm-none-eabi/lib/thumb2\libc.a(lib_a-malloc.o)
 .debug_frame   0x000010c4       0x3c c:/nxp/lpcxpresso_4.2.0_264/lpcxpresso/tools/bin/../lib/gcc/arm-none-eabi/4.5.1/../../../../arm-none-eabi/lib/thumb2\libc.a(lib_a-mallocr.o)
 .debug_frame   0x00001100       0x2c c:/nxp/lpcxpresso_4.2.0_264/lpcxpresso/tools/bin/../lib/gcc/arm-none-eabi/4.5.1/../../../../arm-none-eabi/lib/thumb2\libc.a(lib_a-memchr.o)
 .debug_frame   0x0000112c       0x30 c:/nxp/lpcxpresso_4.2.0_264/lpcxpresso/tools/bin/../lib/gcc/arm-none-eabi/4.5.1/../../../../arm-none-eabi/lib/thumb2\libc.a(lib_a-mlock.o)
 .debug_frame   0x0000115c      0x244 c:/nxp/lpcxpresso_4.2.0_264/lpcxpresso/tools/bin/../lib/gcc/arm-none-eabi/4.5.1/../../../../arm-none-eabi/lib/thumb2\libc.a(lib_a-mprec.o)
 .debug_frame   0x000013a0       0x28 c:/nxp/lpcxpresso_4.2.0_264/lpcxpresso/tools/bin/../lib/gcc/arm-none-eabi/4.5.1/../../../../arm-none-eabi/lib/thumb2\libc.a(lib_a-s_fpclassify.o)
 .debug_frame   0x000013c8       0x2c c:/nxp/lpcxpresso_4.2.0_264/lpcxpresso/tools/bin/../lib/gcc/arm-none-eabi/4.5.1/../../../../arm-none-eabi/lib/thumb2\libc.a(lib_a-sbrkr.o)
 .debug_frame   0x000013f4       0x30 c:/nxp/lpcxpresso_4.2.0_264/lpcxpresso/tools/bin/../lib/gcc/arm-none-eabi/4.5.1/../../../../arm-none-eabi/lib/thumb2\libc.a(lib_a-strcmp.o)
 .debug_frame   0x00001424       0x20 c:/nxp/lpcxpresso_4.2.0_264/lpcxpresso/tools/bin/../lib/gcc/arm-none-eabi/4.5.1/../../../../arm-none-eabi/lib/thumb2\libc.a(lib_a-strlen.o)
 .debug_frame   0x00001444       0x68 c:/nxp/lpcxpresso_4.2.0_264/lpcxpresso/tools/bin/../lib/gcc/arm-none-eabi/4.5.1/../../../../arm-none-eabi/lib/thumb2\libc.a(lib_a-svfiprintf.o)
 .debug_frame   0x000014ac       0x2c c:/nxp/lpcxpresso_4.2.0_264/lpcxpresso/tools/bin/../lib/gcc/arm-none-eabi/4.5.1/../../../../arm-none-eabi/lib/thumb2\libc.a(lib_a-callocr.o)
 .debug_frame   0x000014d8       0x50 c:/nxp/lpcxpresso_4.2.0_264/lpcxpresso/tools/bin/../lib/gcc/arm-none-eabi/4.5.1/../../../../arm-none-eabi/lib/thumb2\libc.a(lib_a-freer.o)
 .debug_frame   0x00001528       0x2c c:/nxp/lpcxpresso_4.2.0_264/lpcxpresso/tools/bin/../lib/gcc/arm-none-eabi/4.5.1/../../../../arm-none-eabi/lib/thumb2\libc.a(lib_a-memmove.o)
 .debug_frame   0x00001554       0x3c c:/nxp/lpcxpresso_4.2.0_264/lpcxpresso/tools/bin/../lib/gcc/arm-none-eabi/4.5.1/../../../../arm-none-eabi/lib/thumb2\libc.a(lib_a-reallocr.o)
 .debug_frame   0x00001590       0x64 c:/nxp/lpcxpresso_4.2.0_264/lpcxpresso/tools/bin/../lib/gcc/arm-none-eabi/4.5.1/../../../../arm-none-eabi/lib/thumb2\libc.a(lib_a-reent.o)
